<!doctype html public "-//w3c//dtd html 4.0 transitional//en">
<html><head>
<title>Static Call Graph - [STM32H7B3I-DK\STM32H7B3I-DK.axf]</title></head>
<body><HR>
<H1>Static Call Graph for image STM32H7B3I-DK\STM32H7B3I-DK.axf</H1><HR>
<BR><P>#&#060CALLGRAPH&#062# ARM Linker, 5060960: Last Updated: Tue Aug 27 23:30:47 2024
<BR><P>
<H3>Maximum Stack Usage =       2188 bytes + Unknown(Functions without stacksize, Cycles, Untraceable Function Pointers)</H3><H3>
Call chain for Maximum Stack Depth:</H3>
__rt_entry_main &rArr; main &rArr; HAL_JPEG_Init &rArr; JPEG_Set_HuffEnc_Mem &rArr; JPEG_Set_HuffAC_Mem &rArr; JPEG_ACHuff_BitsVals_To_SizeCodes &rArr; JPEG_Bits_To_SizeCodes
<P>
<H3>
Functions with no stack information
</H3><UL>
 <LI><a href="#[1cb]">__user_initial_stackheap</a>
</UL>
</UL>
<P>
<H3>
Mutually Recursive functions
</H3> <LI><a href="#[3a]">ADC_IRQHandler</a>&nbsp;&nbsp;&nbsp;&rArr;&nbsp;&nbsp;&nbsp;<a href="#[3a]">ADC_IRQHandler</a><BR>
 <LI><a href="#[22]">BusFault_Handler</a>&nbsp;&nbsp;&nbsp;&rArr;&nbsp;&nbsp;&nbsp;<a href="#[22]">BusFault_Handler</a><BR>
 <LI><a href="#[20]">HardFault_Handler</a>&nbsp;&nbsp;&nbsp;&rArr;&nbsp;&nbsp;&nbsp;<a href="#[20]">HardFault_Handler</a><BR>
 <LI><a href="#[21]">MemManage_Handler</a>&nbsp;&nbsp;&nbsp;&rArr;&nbsp;&nbsp;&nbsp;<a href="#[21]">MemManage_Handler</a><BR>
 <LI><a href="#[e1]">StartDefaultTask</a>&nbsp;&nbsp;&nbsp;&rArr;&nbsp;&nbsp;&nbsp;<a href="#[e1]">StartDefaultTask</a><BR>
 <LI><a href="#[23]">UsageFault_Handler</a>&nbsp;&nbsp;&nbsp;&rArr;&nbsp;&nbsp;&nbsp;<a href="#[23]">UsageFault_Handler</a><BR>
 <LI><a href="#[30d]">touchgfx::TouchCalibration::muldivu(unsigned, unsigned, unsigned, unsigned, unsigned, unsigned&)</a>&nbsp;&nbsp;&nbsp;&rArr;&nbsp;&nbsp;&nbsp;<a href="#[30d]">touchgfx::TouchCalibration::muldivu(unsigned, unsigned, unsigned, unsigned, unsigned, unsigned&)</a><BR>
 <LI><a href="#[335]">touchgfx::Screen::JSMOC(const touchgfx::Rect&, touchgfx::Drawable*)</a>&nbsp;&nbsp;&nbsp;&rArr;&nbsp;&nbsp;&nbsp;<a href="#[335]">touchgfx::Screen::JSMOC(const touchgfx::Rect&, touchgfx::Drawable*)</a><BR>
 <LI><a href="#[33a]">touchgfx::muldivu(unsigned, unsigned, unsigned, unsigned&)</a>&nbsp;&nbsp;&nbsp;&rArr;&nbsp;&nbsp;&nbsp;<a href="#[33a]">touchgfx::muldivu(unsigned, unsigned, unsigned, unsigned&)</a><BR>
</UL>
<P>
<H3>
Function Pointers
</H3><UL>
 <LI><a href="#[3a]">ADC_IRQHandler</a> from startup_stm32h7b3xxq.o(.text) referenced from startup_stm32h7b3xxq.o(RESET)
 <LI><a href="#[af]">BDMA1_IRQHandler</a> from startup_stm32h7b3xxq.o(.text) referenced from startup_stm32h7b3xxq.o(RESET)
 <LI><a href="#[99]">BDMA2_Channel0_IRQHandler</a> from startup_stm32h7b3xxq.o(.text) referenced from startup_stm32h7b3xxq.o(RESET)
 <LI><a href="#[9a]">BDMA2_Channel1_IRQHandler</a> from startup_stm32h7b3xxq.o(.text) referenced from startup_stm32h7b3xxq.o(RESET)
 <LI><a href="#[9b]">BDMA2_Channel2_IRQHandler</a> from startup_stm32h7b3xxq.o(.text) referenced from startup_stm32h7b3xxq.o(RESET)
 <LI><a href="#[9c]">BDMA2_Channel3_IRQHandler</a> from startup_stm32h7b3xxq.o(.text) referenced from startup_stm32h7b3xxq.o(RESET)
 <LI><a href="#[9d]">BDMA2_Channel4_IRQHandler</a> from startup_stm32h7b3xxq.o(.text) referenced from startup_stm32h7b3xxq.o(RESET)
 <LI><a href="#[9e]">BDMA2_Channel5_IRQHandler</a> from startup_stm32h7b3xxq.o(.text) referenced from startup_stm32h7b3xxq.o(RESET)
 <LI><a href="#[9f]">BDMA2_Channel6_IRQHandler</a> from startup_stm32h7b3xxq.o(.text) referenced from startup_stm32h7b3xxq.o(RESET)
 <LI><a href="#[a0]">BDMA2_Channel7_IRQHandler</a> from startup_stm32h7b3xxq.o(.text) referenced from startup_stm32h7b3xxq.o(RESET)
 <LI><a href="#[b6]">BSP_GetTick</a> from stm32h7b3i_discovery_bus.o(i.BSP_GetTick) referenced from stm32h7b3i_discovery_ts.o(i.FT5336_Probe)
 <LI><a href="#[b3]">BSP_I2C4_DeInit</a> from stm32h7b3i_discovery_bus.o(i.BSP_I2C4_DeInit) referenced from stm32h7b3i_discovery_ts.o(i.FT5336_Probe)
 <LI><a href="#[b2]">BSP_I2C4_Init</a> from stm32h7b3i_discovery_bus.o(i.BSP_I2C4_Init) referenced from stm32h7b3i_discovery_ts.o(i.FT5336_Probe)
 <LI><a href="#[b4]">BSP_I2C4_ReadReg</a> from stm32h7b3i_discovery_bus.o(i.BSP_I2C4_ReadReg) referenced from stm32h7b3i_discovery_ts.o(i.FT5336_Probe)
 <LI><a href="#[b5]">BSP_I2C4_WriteReg</a> from stm32h7b3i_discovery_bus.o(i.BSP_I2C4_WriteReg) referenced from stm32h7b3i_discovery_ts.o(i.FT5336_Probe)
 <LI><a href="#[22]">BusFault_Handler</a> from stm32h7xx_it.o(i.BusFault_Handler) referenced from startup_stm32h7b3xxq.o(RESET)
 <LI><a href="#[84]">CEC_IRQHandler</a> from startup_stm32h7b3xxq.o(.text) referenced from startup_stm32h7b3xxq.o(RESET)
 <LI><a href="#[a1]">COMP_IRQHandler</a> from startup_stm32h7b3xxq.o(.text) referenced from startup_stm32h7b3xxq.o(RESET)
 <LI><a href="#[a7]">CRS_IRQHandler</a> from startup_stm32h7b3xxq.o(.text) referenced from startup_stm32h7b3xxq.o(RESET)
 <LI><a href="#[75]">CRYP_IRQHandler</a> from startup_stm32h7b3xxq.o(.text) referenced from startup_stm32h7b3xxq.o(RESET)
 <LI><a href="#[97]">DAC2_IRQHandler</a> from startup_stm32h7b3xxq.o(.text) referenced from startup_stm32h7b3xxq.o(RESET)
 <LI><a href="#[74]">DCMI_PSSI_IRQHandler</a> from startup_stm32h7b3xxq.o(.text) referenced from startup_stm32h7b3xxq.o(RESET)
 <LI><a href="#[89]">DFSDM1_FLT0_IRQHandler</a> from startup_stm32h7b3xxq.o(.text) referenced from startup_stm32h7b3xxq.o(RESET)
 <LI><a href="#[8a]">DFSDM1_FLT1_IRQHandler</a> from startup_stm32h7b3xxq.o(.text) referenced from startup_stm32h7b3xxq.o(RESET)
 <LI><a href="#[8b]">DFSDM1_FLT2_IRQHandler</a> from startup_stm32h7b3xxq.o(.text) referenced from startup_stm32h7b3xxq.o(RESET)
 <LI><a href="#[8c]">DFSDM1_FLT3_IRQHandler</a> from startup_stm32h7b3xxq.o(.text) referenced from startup_stm32h7b3xxq.o(RESET)
 <LI><a href="#[66]">DFSDM1_FLT4_IRQHandler</a> from startup_stm32h7b3xxq.o(.text) referenced from startup_stm32h7b3xxq.o(RESET)
 <LI><a href="#[67]">DFSDM1_FLT5_IRQHandler</a> from startup_stm32h7b3xxq.o(.text) referenced from startup_stm32h7b3xxq.o(RESET)
 <LI><a href="#[68]">DFSDM1_FLT6_IRQHandler</a> from startup_stm32h7b3xxq.o(.text) referenced from startup_stm32h7b3xxq.o(RESET)
 <LI><a href="#[69]">DFSDM1_FLT7_IRQHandler</a> from startup_stm32h7b3xxq.o(.text) referenced from startup_stm32h7b3xxq.o(RESET)
 <LI><a href="#[52]">DFSDM2_IRQHandler</a> from startup_stm32h7b3xxq.o(.text) referenced from startup_stm32h7b3xxq.o(RESET)
 <LI><a href="#[33]">DMA1_Stream0_IRQHandler</a> from startup_stm32h7b3xxq.o(.text) referenced from startup_stm32h7b3xxq.o(RESET)
 <LI><a href="#[34]">DMA1_Stream1_IRQHandler</a> from startup_stm32h7b3xxq.o(.text) referenced from startup_stm32h7b3xxq.o(RESET)
 <LI><a href="#[35]">DMA1_Stream2_IRQHandler</a> from startup_stm32h7b3xxq.o(.text) referenced from startup_stm32h7b3xxq.o(RESET)
 <LI><a href="#[36]">DMA1_Stream3_IRQHandler</a> from startup_stm32h7b3xxq.o(.text) referenced from startup_stm32h7b3xxq.o(RESET)
 <LI><a href="#[37]">DMA1_Stream4_IRQHandler</a> from startup_stm32h7b3xxq.o(.text) referenced from startup_stm32h7b3xxq.o(RESET)
 <LI><a href="#[38]">DMA1_Stream5_IRQHandler</a> from startup_stm32h7b3xxq.o(.text) referenced from startup_stm32h7b3xxq.o(RESET)
 <LI><a href="#[39]">DMA1_Stream6_IRQHandler</a> from startup_stm32h7b3xxq.o(.text) referenced from startup_stm32h7b3xxq.o(RESET)
 <LI><a href="#[57]">DMA1_Stream7_IRQHandler</a> from startup_stm32h7b3xxq.o(.text) referenced from startup_stm32h7b3xxq.o(RESET)
 <LI><a href="#[80]">DMA2D_IRQHandler</a> from stm32h7xx_it.o(i.DMA2D_IRQHandler) referenced from startup_stm32h7b3xxq.o(RESET)
 <LI><a href="#[60]">DMA2_Stream0_IRQHandler</a> from startup_stm32h7b3xxq.o(.text) referenced from startup_stm32h7b3xxq.o(RESET)
 <LI><a href="#[61]">DMA2_Stream1_IRQHandler</a> from startup_stm32h7b3xxq.o(.text) referenced from startup_stm32h7b3xxq.o(RESET)
 <LI><a href="#[62]">DMA2_Stream2_IRQHandler</a> from startup_stm32h7b3xxq.o(.text) referenced from startup_stm32h7b3xxq.o(RESET)
 <LI><a href="#[63]">DMA2_Stream3_IRQHandler</a> from startup_stm32h7b3xxq.o(.text) referenced from startup_stm32h7b3xxq.o(RESET)
 <LI><a href="#[64]">DMA2_Stream4_IRQHandler</a> from startup_stm32h7b3xxq.o(.text) referenced from startup_stm32h7b3xxq.o(RESET)
 <LI><a href="#[6a]">DMA2_Stream5_IRQHandler</a> from startup_stm32h7b3xxq.o(.text) referenced from startup_stm32h7b3xxq.o(RESET)
 <LI><a href="#[6b]">DMA2_Stream6_IRQHandler</a> from startup_stm32h7b3xxq.o(.text) referenced from startup_stm32h7b3xxq.o(RESET)
 <LI><a href="#[6c]">DMA2_Stream7_IRQHandler</a> from startup_stm32h7b3xxq.o(.text) referenced from startup_stm32h7b3xxq.o(RESET)
 <LI><a href="#[88]">DMAMUX1_OVR_IRQHandler</a> from startup_stm32h7b3xxq.o(.text) referenced from startup_stm32h7b3xxq.o(RESET)
 <LI><a href="#[98]">DMAMUX2_OVR_IRQHandler</a> from startup_stm32h7b3xxq.o(.text) referenced from startup_stm32h7b3xxq.o(RESET)
 <LI><a href="#[a9]">DTS_IRQHandler</a> from startup_stm32h7b3xxq.o(.text) referenced from startup_stm32h7b3xxq.o(RESET)
 <LI><a href="#[25]">DebugMon_Handler</a> from stm32h7xx_it.o(i.DebugMon_Handler) referenced from startup_stm32h7b3xxq.o(RESET)
 <LI><a href="#[a8]">ECC_IRQHandler</a> from startup_stm32h7b3xxq.o(.text) referenced from startup_stm32h7b3xxq.o(RESET)
 <LI><a href="#[2e]">EXTI0_IRQHandler</a> from startup_stm32h7b3xxq.o(.text) referenced from startup_stm32h7b3xxq.o(RESET)
 <LI><a href="#[50]">EXTI15_10_IRQHandler</a> from startup_stm32h7b3xxq.o(.text) referenced from startup_stm32h7b3xxq.o(RESET)
 <LI><a href="#[2f]">EXTI1_IRQHandler</a> from startup_stm32h7b3xxq.o(.text) referenced from startup_stm32h7b3xxq.o(RESET)
 <LI><a href="#[30]">EXTI2_IRQHandler</a> from stm32h7xx_it.o(i.EXTI2_IRQHandler) referenced from startup_stm32h7b3xxq.o(RESET)
 <LI><a href="#[31]">EXTI3_IRQHandler</a> from startup_stm32h7b3xxq.o(.text) referenced from startup_stm32h7b3xxq.o(RESET)
 <LI><a href="#[32]">EXTI4_IRQHandler</a> from startup_stm32h7b3xxq.o(.text) referenced from startup_stm32h7b3xxq.o(RESET)
 <LI><a href="#[3f]">EXTI9_5_IRQHandler</a> from startup_stm32h7b3xxq.o(.text) referenced from startup_stm32h7b3xxq.o(RESET)
 <LI><a href="#[3b]">FDCAN1_IT0_IRQHandler</a> from startup_stm32h7b3xxq.o(.text) referenced from startup_stm32h7b3xxq.o(RESET)
 <LI><a href="#[3d]">FDCAN1_IT1_IRQHandler</a> from startup_stm32h7b3xxq.o(.text) referenced from startup_stm32h7b3xxq.o(RESET)
 <LI><a href="#[3c]">FDCAN2_IT0_IRQHandler</a> from startup_stm32h7b3xxq.o(.text) referenced from startup_stm32h7b3xxq.o(RESET)
 <LI><a href="#[3e]">FDCAN2_IT1_IRQHandler</a> from startup_stm32h7b3xxq.o(.text) referenced from startup_stm32h7b3xxq.o(RESET)
 <LI><a href="#[65]">FDCAN_CAL_IRQHandler</a> from startup_stm32h7b3xxq.o(.text) referenced from startup_stm32h7b3xxq.o(RESET)
 <LI><a href="#[2c]">FLASH_IRQHandler</a> from startup_stm32h7b3xxq.o(.text) referenced from startup_stm32h7b3xxq.o(RESET)
 <LI><a href="#[58]">FMC_IRQHandler</a> from startup_stm32h7b3xxq.o(.text) referenced from startup_stm32h7b3xxq.o(RESET)
 <LI><a href="#[77]">FPU_IRQHandler</a> from startup_stm32h7b3xxq.o(.text) referenced from startup_stm32h7b3xxq.o(RESET)
 <LI><a href="#[1c]">FT5336_ClearIT</a> from ft5336.o(i.FT5336_ClearIT) referenced 2 times from ft5336.o(.data)
 <LI><a href="#[13]">FT5336_DeInit</a> from ft5336.o(i.FT5336_DeInit) referenced 2 times from ft5336.o(.data)
 <LI><a href="#[1b]">FT5336_DisableIT</a> from ft5336.o(i.FT5336_DisableIT) referenced 2 times from ft5336.o(.data)
 <LI><a href="#[1a]">FT5336_EnableIT</a> from ft5336.o(i.FT5336_EnableIT) referenced 2 times from ft5336.o(.data)
 <LI><a href="#[14]">FT5336_GestureConfig</a> from ft5336.o(i.FT5336_GestureConfig) referenced 2 times from ft5336.o(.data)
 <LI><a href="#[19]">FT5336_GetCapabilities</a> from ft5336.o(i.FT5336_GetCapabilities) referenced 2 times from ft5336.o(.data)
 <LI><a href="#[18]">FT5336_GetGesture</a> from ft5336.o(i.FT5336_GetGesture) referenced 2 times from ft5336.o(.data)
 <LI><a href="#[17]">FT5336_GetMultiTouchState</a> from ft5336.o(i.FT5336_GetMultiTouchState) referenced 2 times from ft5336.o(.data)
 <LI><a href="#[16]">FT5336_GetState</a> from ft5336.o(i.FT5336_GetState) referenced 2 times from ft5336.o(.data)
 <LI><a href="#[1d]">FT5336_ITStatus</a> from ft5336.o(i.FT5336_ITStatus) referenced 2 times from ft5336.o(.data)
 <LI><a href="#[12]">FT5336_Init</a> from ft5336.o(i.FT5336_Init) referenced 2 times from ft5336.o(.data)
 <LI><a href="#[15]">FT5336_ReadID</a> from ft5336.o(i.FT5336_ReadID) referenced 2 times from ft5336.o(.data)
 <LI><a href="#[ae]">GFXMMU_IRQHandler</a> from startup_stm32h7b3xxq.o(.text) referenced from startup_stm32h7b3xxq.o(RESET)
 <LI><a href="#[76]">HASH_RNG_IRQHandler</a> from startup_stm32h7b3xxq.o(.text) referenced from startup_stm32h7b3xxq.o(RESET)
 <LI><a href="#[96]">HSEM1_IRQHandler</a> from startup_stm32h7b3xxq.o(.text) referenced from startup_stm32h7b3xxq.o(RESET)
 <LI><a href="#[20]">HardFault_Handler</a> from stm32h7xx_it.o(i.HardFault_Handler) referenced from startup_stm32h7b3xxq.o(RESET)
 <LI><a href="#[48]">I2C1_ER_IRQHandler</a> from startup_stm32h7b3xxq.o(.text) referenced from startup_stm32h7b3xxq.o(RESET)
 <LI><a href="#[47]">I2C1_EV_IRQHandler</a> from startup_stm32h7b3xxq.o(.text) referenced from startup_stm32h7b3xxq.o(RESET)
 <LI><a href="#[4a]">I2C2_ER_IRQHandler</a> from startup_stm32h7b3xxq.o(.text) referenced from startup_stm32h7b3xxq.o(RESET)
 <LI><a href="#[49]">I2C2_EV_IRQHandler</a> from startup_stm32h7b3xxq.o(.text) referenced from startup_stm32h7b3xxq.o(RESET)
 <LI><a href="#[6f]">I2C3_ER_IRQHandler</a> from startup_stm32h7b3xxq.o(.text) referenced from startup_stm32h7b3xxq.o(RESET)
 <LI><a href="#[6e]">I2C3_EV_IRQHandler</a> from startup_stm32h7b3xxq.o(.text) referenced from startup_stm32h7b3xxq.o(RESET)
 <LI><a href="#[86]">I2C4_ER_IRQHandler</a> from startup_stm32h7b3xxq.o(.text) referenced from startup_stm32h7b3xxq.o(RESET)
 <LI><a href="#[85]">I2C4_EV_IRQHandler</a> from startup_stm32h7b3xxq.o(.text) referenced from startup_stm32h7b3xxq.o(RESET)
 <LI><a href="#[e6]">IdleTaskHook</a> from touchgfxhal.o(i.IdleTaskHook) referenced from freertos.o(i.vApplicationIdleHook)
 <LI><a href="#[93]">JPEG_IRQHandler</a> from stm32h7xx_it.o(i.JPEG_IRQHandler) referenced from startup_stm32h7b3xxq.o(RESET)
 <LI><a href="#[bb]">JPEG_MDMAErrorCallback</a> from stm32h7xx_hal_jpeg.o(i.JPEG_MDMAErrorCallback) referenced from stm32h7xx_hal_jpeg.o(i.JPEG_DMA_StartProcess)
 <LI><a href="#[ba]">JPEG_MDMAInCpltCallback</a> from stm32h7xx_hal_jpeg.o(i.JPEG_MDMAInCpltCallback) referenced from stm32h7xx_hal_jpeg.o(i.JPEG_DMA_StartProcess)
 <LI><a href="#[bd]">JPEG_MDMAOutAbortCallback</a> from stm32h7xx_hal_jpeg.o(i.JPEG_MDMAOutAbortCallback) referenced from stm32h7xx_hal_jpeg.o(i.JPEG_DMA_StartProcess)
 <LI><a href="#[bc]">JPEG_MDMAOutCpltCallback</a> from stm32h7xx_hal_jpeg.o(i.JPEG_MDMAOutCpltCallback) referenced from stm32h7xx_hal_jpeg.o(i.JPEG_DMA_StartProcess)
 <LI><a href="#[83]">LPTIM1_IRQHandler</a> from startup_stm32h7b3xxq.o(.text) referenced from startup_stm32h7b3xxq.o(RESET)
 <LI><a href="#[a2]">LPTIM2_IRQHandler</a> from startup_stm32h7b3xxq.o(.text) referenced from startup_stm32h7b3xxq.o(RESET)
 <LI><a href="#[a3]">LPTIM3_IRQHandler</a> from startup_stm32h7b3xxq.o(.text) referenced from startup_stm32h7b3xxq.o(RESET)
 <LI><a href="#[a6]">LPUART1_IRQHandler</a> from startup_stm32h7b3xxq.o(.text) referenced from startup_stm32h7b3xxq.o(RESET)
 <LI><a href="#[7f]">LTDC_ER_IRQHandler</a> from startup_stm32h7b3xxq.o(.text) referenced from startup_stm32h7b3xxq.o(RESET)
 <LI><a href="#[7e]">LTDC_IRQHandler</a> from stm32h7xx_it.o(i.LTDC_IRQHandler) referenced from startup_stm32h7b3xxq.o(RESET)
 <LI><a href="#[92]">MDIOS_IRQHandler</a> from startup_stm32h7b3xxq.o(.text) referenced from startup_stm32h7b3xxq.o(RESET)
 <LI><a href="#[91]">MDIOS_WKUP_IRQHandler</a> from startup_stm32h7b3xxq.o(.text) referenced from startup_stm32h7b3xxq.o(RESET)
 <LI><a href="#[94]">MDMA_IRQHandler</a> from stm32h7xx_it.o(i.MDMA_IRQHandler) referenced from startup_stm32h7b3xxq.o(RESET)
 <LI><a href="#[21]">MemManage_Handler</a> from stm32h7xx_it.o(i.MemManage_Handler) referenced from startup_stm32h7b3xxq.o(RESET)
 <LI><a href="#[1f]">NMI_Handler</a> from stm32h7xx_it.o(i.NMI_Handler) referenced from startup_stm32h7b3xxq.o(RESET)
 <LI><a href="#[82]">OCTOSPI1_IRQHandler</a> from stm32h7xx_it.o(i.OCTOSPI1_IRQHandler) referenced from startup_stm32h7b3xxq.o(RESET)
 <LI><a href="#[ab]">OCTOSPI2_IRQHandler</a> from startup_stm32h7b3xxq.o(.text) referenced from startup_stm32h7b3xxq.o(RESET)
 <LI><a href="#[b9]">OSPI_DMAAbortCplt</a> from stm32h7xx_hal_ospi.o(i.OSPI_DMAAbortCplt) referenced from stm32h7xx_hal_ospi.o(i.HAL_OSPI_IRQHandler)
 <LI><a href="#[ac]">OTFDEC1_IRQHandler</a> from startup_stm32h7b3xxq.o(.text) referenced from startup_stm32h7b3xxq.o(RESET)
 <LI><a href="#[ad]">OTFDEC2_IRQHandler</a> from startup_stm32h7b3xxq.o(.text) referenced from startup_stm32h7b3xxq.o(RESET)
 <LI><a href="#[71]">OTG_HS_EP1_IN_IRQHandler</a> from startup_stm32h7b3xxq.o(.text) referenced from startup_stm32h7b3xxq.o(RESET)
 <LI><a href="#[70]">OTG_HS_EP1_OUT_IRQHandler</a> from startup_stm32h7b3xxq.o(.text) referenced from startup_stm32h7b3xxq.o(RESET)
 <LI><a href="#[73]">OTG_HS_IRQHandler</a> from startup_stm32h7b3xxq.o(.text) referenced from startup_stm32h7b3xxq.o(RESET)
 <LI><a href="#[72]">OTG_HS_WKUP_IRQHandler</a> from startup_stm32h7b3xxq.o(.text) referenced from startup_stm32h7b3xxq.o(RESET)
 <LI><a href="#[29]">PVD_PVM_IRQHandler</a> from startup_stm32h7b3xxq.o(.text) referenced from startup_stm32h7b3xxq.o(RESET)
 <LI><a href="#[26]">PendSV_Handler</a> from port.o(.emb_text) referenced from startup_stm32h7b3xxq.o(RESET)
 <LI><a href="#[2d]">RCC_IRQHandler</a> from startup_stm32h7b3xxq.o(.text) referenced from startup_stm32h7b3xxq.o(RESET)
 <LI><a href="#[51]">RTC_Alarm_IRQHandler</a> from startup_stm32h7b3xxq.o(.text) referenced from startup_stm32h7b3xxq.o(RESET)
 <LI><a href="#[2a]">RTC_TAMP_STAMP_CSS_LSE_IRQHandler</a> from startup_stm32h7b3xxq.o(.text) referenced from startup_stm32h7b3xxq.o(RESET)
 <LI><a href="#[2b]">RTC_WKUP_IRQHandler</a> from startup_stm32h7b3xxq.o(.text) referenced from startup_stm32h7b3xxq.o(RESET)
 <LI><a href="#[b7]">ReadRegWrap</a> from ft5336.o(i.ReadRegWrap) referenced from ft5336.o(i.FT5336_RegisterBusIO)
 <LI><a href="#[1e]">Reset_Handler</a> from startup_stm32h7b3xxq.o(.text) referenced from startup_stm32h7b3xxq.o(RESET)
 <LI><a href="#[7d]">SAI1_IRQHandler</a> from startup_stm32h7b3xxq.o(.text) referenced from startup_stm32h7b3xxq.o(RESET)
 <LI><a href="#[81]">SAI2_IRQHandler</a> from startup_stm32h7b3xxq.o(.text) referenced from startup_stm32h7b3xxq.o(RESET)
 <LI><a href="#[59]">SDMMC1_IRQHandler</a> from startup_stm32h7b3xxq.o(.text) referenced from startup_stm32h7b3xxq.o(RESET)
 <LI><a href="#[95]">SDMMC2_IRQHandler</a> from startup_stm32h7b3xxq.o(.text) referenced from startup_stm32h7b3xxq.o(RESET)
 <LI><a href="#[87]">SPDIF_RX_IRQHandler</a> from startup_stm32h7b3xxq.o(.text) referenced from startup_stm32h7b3xxq.o(RESET)
 <LI><a href="#[4b]">SPI1_IRQHandler</a> from startup_stm32h7b3xxq.o(.text) referenced from startup_stm32h7b3xxq.o(RESET)
 <LI><a href="#[4c]">SPI2_IRQHandler</a> from startup_stm32h7b3xxq.o(.text) referenced from startup_stm32h7b3xxq.o(RESET)
 <LI><a href="#[5b]">SPI3_IRQHandler</a> from startup_stm32h7b3xxq.o(.text) referenced from startup_stm32h7b3xxq.o(RESET)
 <LI><a href="#[7a]">SPI4_IRQHandler</a> from startup_stm32h7b3xxq.o(.text) referenced from startup_stm32h7b3xxq.o(RESET)
 <LI><a href="#[7b]">SPI5_IRQHandler</a> from startup_stm32h7b3xxq.o(.text) referenced from startup_stm32h7b3xxq.o(RESET)
 <LI><a href="#[7c]">SPI6_IRQHandler</a> from startup_stm32h7b3xxq.o(.text) referenced from startup_stm32h7b3xxq.o(RESET)
 <LI><a href="#[24]">SVC_Handler</a> from port.o(.emb_text) referenced from startup_stm32h7b3xxq.o(RESET)
 <LI><a href="#[8d]">SWPMI1_IRQHandler</a> from startup_stm32h7b3xxq.o(.text) referenced from startup_stm32h7b3xxq.o(RESET)
 <LI><a href="#[e1]">StartDefaultTask</a> from main.o(i.StartDefaultTask) referenced from main.o(i.main)
 <LI><a href="#[27]">SysTick_Handler</a> from cmsis_os2.o(i.SysTick_Handler) referenced from startup_stm32h7b3xxq.o(RESET)
 <LI><a href="#[b0]">SystemInit</a> from system_stm32h7xx.o(i.SystemInit) referenced from startup_stm32h7b3xxq.o(.text)
 <LI><a href="#[8e]">TIM15_IRQHandler</a> from startup_stm32h7b3xxq.o(.text) referenced from startup_stm32h7b3xxq.o(RESET)
 <LI><a href="#[8f]">TIM16_IRQHandler</a> from startup_stm32h7b3xxq.o(.text) referenced from startup_stm32h7b3xxq.o(RESET)
 <LI><a href="#[90]">TIM17_IRQHandler</a> from startup_stm32h7b3xxq.o(.text) referenced from startup_stm32h7b3xxq.o(RESET)
 <LI><a href="#[40]">TIM1_BRK_IRQHandler</a> from startup_stm32h7b3xxq.o(.text) referenced from startup_stm32h7b3xxq.o(RESET)
 <LI><a href="#[43]">TIM1_CC_IRQHandler</a> from startup_stm32h7b3xxq.o(.text) referenced from startup_stm32h7b3xxq.o(RESET)
 <LI><a href="#[42]">TIM1_TRG_COM_IRQHandler</a> from startup_stm32h7b3xxq.o(.text) referenced from startup_stm32h7b3xxq.o(RESET)
 <LI><a href="#[41]">TIM1_UP_IRQHandler</a> from startup_stm32h7b3xxq.o(.text) referenced from startup_stm32h7b3xxq.o(RESET)
 <LI><a href="#[44]">TIM2_IRQHandler</a> from startup_stm32h7b3xxq.o(.text) referenced from startup_stm32h7b3xxq.o(RESET)
 <LI><a href="#[45]">TIM3_IRQHandler</a> from startup_stm32h7b3xxq.o(.text) referenced from startup_stm32h7b3xxq.o(RESET)
 <LI><a href="#[46]">TIM4_IRQHandler</a> from startup_stm32h7b3xxq.o(.text) referenced from startup_stm32h7b3xxq.o(RESET)
 <LI><a href="#[5a]">TIM5_IRQHandler</a> from startup_stm32h7b3xxq.o(.text) referenced from startup_stm32h7b3xxq.o(RESET)
 <LI><a href="#[5e]">TIM6_DAC_IRQHandler</a> from stm32h7xx_it.o(i.TIM6_DAC_IRQHandler) referenced from startup_stm32h7b3xxq.o(RESET)
 <LI><a href="#[5f]">TIM7_IRQHandler</a> from startup_stm32h7b3xxq.o(.text) referenced from startup_stm32h7b3xxq.o(RESET)
 <LI><a href="#[53]">TIM8_BRK_TIM12_IRQHandler</a> from startup_stm32h7b3xxq.o(.text) referenced from startup_stm32h7b3xxq.o(RESET)
 <LI><a href="#[56]">TIM8_CC_IRQHandler</a> from startup_stm32h7b3xxq.o(.text) referenced from startup_stm32h7b3xxq.o(RESET)
 <LI><a href="#[55]">TIM8_TRG_COM_TIM14_IRQHandler</a> from startup_stm32h7b3xxq.o(.text) referenced from startup_stm32h7b3xxq.o(RESET)
 <LI><a href="#[54]">TIM8_UP_TIM13_IRQHandler</a> from startup_stm32h7b3xxq.o(.text) referenced from startup_stm32h7b3xxq.o(RESET)
 <LI><a href="#[e2]">TouchGFX_Task</a> from app_touchgfx.o(i.TouchGFX_Task) referenced from main.o(i.main)
 <LI><a href="#[5c]">UART4_IRQHandler</a> from startup_stm32h7b3xxq.o(.text) referenced from startup_stm32h7b3xxq.o(RESET)
 <LI><a href="#[5d]">UART5_IRQHandler</a> from startup_stm32h7b3xxq.o(.text) referenced from startup_stm32h7b3xxq.o(RESET)
 <LI><a href="#[78]">UART7_IRQHandler</a> from startup_stm32h7b3xxq.o(.text) referenced from startup_stm32h7b3xxq.o(RESET)
 <LI><a href="#[79]">UART8_IRQHandler</a> from startup_stm32h7b3xxq.o(.text) referenced from startup_stm32h7b3xxq.o(RESET)
 <LI><a href="#[a4]">UART9_IRQHandler</a> from startup_stm32h7b3xxq.o(.text) referenced from startup_stm32h7b3xxq.o(RESET)
 <LI><a href="#[a5]">USART10_IRQHandler</a> from startup_stm32h7b3xxq.o(.text) referenced from startup_stm32h7b3xxq.o(RESET)
 <LI><a href="#[4d]">USART1_IRQHandler</a> from startup_stm32h7b3xxq.o(.text) referenced from startup_stm32h7b3xxq.o(RESET)
 <LI><a href="#[4e]">USART2_IRQHandler</a> from startup_stm32h7b3xxq.o(.text) referenced from startup_stm32h7b3xxq.o(RESET)
 <LI><a href="#[4f]">USART3_IRQHandler</a> from startup_stm32h7b3xxq.o(.text) referenced from startup_stm32h7b3xxq.o(RESET)
 <LI><a href="#[6d]">USART6_IRQHandler</a> from startup_stm32h7b3xxq.o(.text) referenced from startup_stm32h7b3xxq.o(RESET)
 <LI><a href="#[23]">UsageFault_Handler</a> from stm32h7xx_it.o(i.UsageFault_Handler) referenced from startup_stm32h7b3xxq.o(RESET)
 <LI><a href="#[aa]">WAKEUP_PIN_IRQHandler</a> from startup_stm32h7b3xxq.o(.text) referenced from startup_stm32h7b3xxq.o(RESET)
 <LI><a href="#[28]">WWDG_IRQHandler</a> from startup_stm32h7b3xxq.o(.text) referenced from startup_stm32h7b3xxq.o(RESET)
 <LI><a href="#[b8]">WriteRegWrap</a> from ft5336.o(i.WriteRegWrap) referenced from ft5336.o(i.FT5336_RegisterBusIO)
 <LI><a href="#[bf]">DMA2D_XferCpltCallback(__DMA2D_HandleTypeDef*)</a> from stm32dma.o(i._Z22DMA2D_XferCpltCallbackP21__DMA2D_HandleTypeDef) referenced from stm32dma.o(i._ZN8STM32DMA10initializeEv)
 <LI><a href="#[ec]">TouchGFXHAL::initialize()</a> from touchgfxhal.o(i._ZN11TouchGFXHAL10initializeEv) referenced from touchgfxhal.o(.constdata__ZTV11TouchGFXHAL)
 <LI><a href="#[fa]">TouchGFXHAL::enableInterrupts()</a> from touchgfxhal.o(i._ZN11TouchGFXHAL16enableInterruptsEv) referenced from touchgfxhal.o(.constdata__ZTV11TouchGFXHAL)
 <LI><a href="#[ee]">TouchGFXHAL::flushFrameBuffer(const touchgfx::Rect&)</a> from touchgfxhal.o(i._ZN11TouchGFXHAL16flushFrameBufferERKN8touchgfx4RectE) referenced from touchgfxhal.o(.constdata__ZTV11TouchGFXHAL)
 <LI><a href="#[fb]">TouchGFXHAL::disableInterrupts()</a> from touchgfxhal.o(i._ZN11TouchGFXHAL17disableInterruptsEv) referenced from touchgfxhal.o(.constdata__ZTV11TouchGFXHAL)
 <LI><a href="#[106]">TouchGFXHAL::setTFTFrameBuffer(unsigned short*)</a> from touchgfxhal.o(i._ZN11TouchGFXHAL17setTFTFrameBufferEPt) referenced from touchgfxhal.o(.constdata__ZTV11TouchGFXHAL)
 <LI><a href="#[f9]">TouchGFXHAL::configureInterrupts()</a> from touchgfxhal.o(i._ZN11TouchGFXHAL19configureInterruptsEv) referenced from touchgfxhal.o(.constdata__ZTV11TouchGFXHAL)
 <LI><a href="#[fc]">TouchGFXHAL::enableLCDControllerInterrupt()</a> from touchgfxhal.o(i._ZN11TouchGFXHAL28enableLCDControllerInterruptEv) referenced from touchgfxhal.o(.constdata__ZTV11TouchGFXHAL)
 <LI><a href="#[ed]">TouchGFXHAL::taskEntry()</a> from touchgfxhal.o(i._ZN11TouchGFXHAL9taskEntryEv) referenced from touchgfxhal.o(.constdata__ZTV11TouchGFXHAL)
 <LI><a href="#[e0]">TouchGFXHAL::~TouchGFXHAL()</a> from touchgfxhal.o(i._ZN11TouchGFXHALD1Ev) referenced from touchgfxhal.o(.constdata__ZTV11TouchGFXHAL)
 <LI><a href="#[e0]">TouchGFXHAL::~TouchGFXHAL()</a> from touchgfxhal.o(i._ZN11TouchGFXHALD1Ev) referenced from touchgfxconfiguration.o(i.__sti___25_TouchGFXConfiguration_cpp_f5abfd34)
 <LI><a href="#[e5]">FrontendHeap::~FrontendHeap()</a> from touchgfxconfiguration.o(i._ZN12FrontendHeapD1Ev) referenced from touchgfxconfiguration.o(.constdata__ZTV12FrontendHeap)
 <LI><a href="#[e5]">FrontendHeap::~FrontendHeap()</a> from touchgfxconfiguration.o(i._ZN12FrontendHeapD1Ev) referenced from touchgfxconfiguration.o(i.touchgfx_init)
 <LI><a href="#[10e]">mainViewBase::setupScreen()</a> from mainviewbase.o(i._ZN12mainViewBase11setupScreenEv) referenced from mainviewbase.o(.constdata__ZTV12mainViewBase)
 <LI><a href="#[10c]">mainViewBase::~mainViewBase()</a> from mainviewbase.o(i._ZN12mainViewBaseD1Ev) referenced from mainviewbase.o(.constdata__ZTV12mainViewBase)
 <LI><a href="#[117]">mainPresenter::deactivate()</a> from mainpresenter.o(i._ZN13mainPresenter10deactivateEv) referenced from mainpresenter.o(.constdata__ZTV13mainPresenter)
 <LI><a href="#[116]">mainPresenter::activate()</a> from mainpresenter.o(i._ZN13mainPresenter8activateEv) referenced from mainpresenter.o(.constdata__ZTV13mainPresenter)
 <LI><a href="#[118]">mainPresenter::~mainPresenter()</a> from mainpresenter.o(i._ZN13mainPresenterD1Ev) referenced from mainpresenter.o(.constdata__ZTV13mainPresenter)
 <LI><a href="#[11d]">FrontendApplication::handleTickEvent()</a> from frontendapplication.o(i._ZN19FrontendApplication15handleTickEventEv) referenced from frontendapplication.o(.constdata__ZTV19FrontendApplication)
 <LI><a href="#[124]">HardwareMJPEGDecoder::decodeNextFrame(unsigned char*, unsigned short, unsigned short, unsigned)</a> from hardwaremjpegdecoder.o(i._ZN20HardwareMJPEGDecoder15decodeNextFrameEPhttj) referenced from hardwaremjpegdecoder.o(.constdata__ZTV20HardwareMJPEGDecoder)
 <LI><a href="#[127]">HardwareMJPEGDecoder::getNumberOfFrames()</a> from hardwaremjpegdecoder.o(i._ZN20HardwareMJPEGDecoder17getNumberOfFramesEv) referenced from hardwaremjpegdecoder.o(.constdata__ZTV20HardwareMJPEGDecoder)
 <LI><a href="#[125]">HardwareMJPEGDecoder::gotoFrame(unsigned)</a> from hardwaremjpegdecoder.o(i._ZN20HardwareMJPEGDecoder9gotoFrameEj) referenced from hardwaremjpegdecoder.o(.constdata__ZTV20HardwareMJPEGDecoder)
 <LI><a href="#[d8]">HardwareMJPEGDecoder::~HardwareMJPEGDecoder()</a> from touchgfxgeneratedhal.o(i._ZN20HardwareMJPEGDecoderD1Ev) referenced from hardwaremjpegdecoder.o(.constdata__ZTV20HardwareMJPEGDecoder)
 <LI><a href="#[d8]">HardwareMJPEGDecoder::~HardwareMJPEGDecoder()</a> from touchgfxgeneratedhal.o(i._ZN20HardwareMJPEGDecoderD1Ev) referenced from touchgfxgeneratedhal.o(i.__sti___24_TouchGFXGeneratedHAL_cpp_db822bdb)
 <LI><a href="#[129]">STM32TouchController::sampleTouch(int&, int&)</a> from stm32touchcontroller.o(i._ZN20STM32TouchController11sampleTouchERiS0_) referenced from stm32touchcontroller.o(.constdata__ZTV20STM32TouchController)
 <LI><a href="#[128]">STM32TouchController::init()</a> from stm32touchcontroller.o(i._ZN20STM32TouchController4initEv) referenced from stm32touchcontroller.o(.constdata__ZTV20STM32TouchController)
 <LI><a href="#[db]">STM32TouchController::~STM32TouchController()</a> from stm32touchcontroller.o(i._ZN20STM32TouchControllerD1Ev) referenced from stm32touchcontroller.o(.constdata__ZTV20STM32TouchController)
 <LI><a href="#[db]">STM32TouchController::~STM32TouchController()</a> from stm32touchcontroller.o(i._ZN20STM32TouchControllerD1Ev) referenced from touchgfxconfiguration.o(i.__sti___25_TouchGFXConfiguration_cpp_f5abfd34)
 <LI><a href="#[10b]">TouchGFXGeneratedHAL::FlushCache()</a> from touchgfxgeneratedhal.o(i._ZN20TouchGFXGeneratedHAL10FlushCacheEv) referenced from touchgfxhal.o(.constdata__ZTV11TouchGFXHAL)
 <LI><a href="#[104]">TouchGFXGeneratedHAL::beginFrame()</a> from touchgfxgeneratedhal.o(i._ZN20TouchGFXGeneratedHAL10beginFrameEv) referenced from touchgfxhal.o(.constdata__ZTV11TouchGFXHAL)
 <LI><a href="#[10a]">TouchGFXGeneratedHAL::InvalidateCache()</a> from touchgfxgeneratedhal.o(i._ZN20TouchGFXGeneratedHAL15InvalidateCacheEv) referenced from touchgfxhal.o(.constdata__ZTV11TouchGFXHAL)
 <LI><a href="#[f2]">TouchGFXGeneratedHAL::unlockFrameBuffer()</a> from touchgfxhal.o(i._ZN20TouchGFXGeneratedHAL17unlockFrameBufferEv) referenced from touchgfxhal.o(.constdata__ZTV11TouchGFXHAL)
 <LI><a href="#[105]">TouchGFXGeneratedHAL::endFrame()</a> from touchgfxgeneratedhal.o(i._ZN20TouchGFXGeneratedHAL8endFrameEv) referenced from touchgfxhal.o(.constdata__ZTV11TouchGFXHAL)
 <LI><a href="#[df]">ApplicationFontProvider::~ApplicationFontProvider()</a> from touchgfxconfiguration.o(i._ZN23ApplicationFontProviderD1Ev) referenced from applicationfontprovider.o(.constdata__ZTV23ApplicationFontProvider)
 <LI><a href="#[df]">ApplicationFontProvider::~ApplicationFontProvider()</a> from touchgfxconfiguration.o(i._ZN23ApplicationFontProviderD1Ev) referenced from touchgfxconfiguration.o(i.__sti___25_TouchGFXConfiguration_cpp_f5abfd34)
 <LI><a href="#[ea]">FrontendApplicationBase::gotomainScreenNoTransitionImpl()</a> from frontendapplicationbase.o(i._ZN23FrontendApplicationBase30gotomainScreenNoTransitionImplEv) referenced from frontendapplicationbase.o(.constdata)
 <LI><a href="#[12b]">FrontendApplicationBase::~FrontendApplicationBase()</a> from touchgfxconfiguration.o(i._ZN23FrontendApplicationBaseD1Ev) referenced from touchgfxconfiguration.o(.constdata__ZTV23FrontendApplicationBase)
 <LI><a href="#[d9]">DedicatedBufferController&lang;(unsigned)1, (unsigned)480, (unsigned)272, (unsigned)1440, (touchgfx::Bitmap::BitmapFormat)1&rang;::Stream::Stream()</a> from touchgfxgeneratedhal.o(t._ZN25DedicatedBufferControllerILj1ELj480ELj272ELj1440ELN8touchgfx6Bitmap12BitmapFormatE1EE6StreamC1Ev) referenced from touchgfxgeneratedhal.o(i.__sti___24_TouchGFXGeneratedHAL_cpp_db822bdb)
 <LI><a href="#[da]">DedicatedBufferController&lang;(unsigned)1, (unsigned)480, (unsigned)272, (unsigned)1440, (touchgfx::Bitmap::BitmapFormat)1&rang;::~DedicatedBufferController()</a> from touchgfxgeneratedhal.o(i._ZN25DedicatedBufferControllerILj1ELj480ELj272ELj1440ELN8touchgfx6Bitmap12BitmapFormatE1EED1Ev) referenced from touchgfxgeneratedhal.o(.constdata__ZTV25DedicatedBufferControllerILj1ELj480ELj272ELj1440ELN8touchgfx6Bitmap12BitmapFormatE1EE)
 <LI><a href="#[da]">DedicatedBufferController&lang;(unsigned)1, (unsigned)480, (unsigned)272, (unsigned)1440, (touchgfx::Bitmap::BitmapFormat)1&rang;::~DedicatedBufferController()</a> from touchgfxgeneratedhal.o(i._ZN25DedicatedBufferControllerILj1ELj480ELj272ELj1440ELN8touchgfx6Bitmap12BitmapFormatE1EED1Ev) referenced from touchgfxgeneratedhal.o(i.__sti___24_TouchGFXGeneratedHAL_cpp_db822bdb)
 <LI><a href="#[132]">STM32DMA::getDMAType()</a> from stm32dma.o(i._ZN8STM32DMA10getDMATypeEv) referenced from stm32dma.o(.constdata__ZTV8STM32DMA)
 <LI><a href="#[12f]">STM32DMA::initialize()</a> from stm32dma.o(i._ZN8STM32DMA10initializeEv) referenced from stm32dma.o(.constdata__ZTV8STM32DMA)
 <LI><a href="#[12c]">STM32DMA::getBlitCaps()</a> from stm32dma.o(i._ZN8STM32DMA11getBlitCapsEv) referenced from stm32dma.o(.constdata__ZTV8STM32DMA)
 <LI><a href="#[136]">STM32DMA::setupDataCopy(const touchgfx::BlitOp&)</a> from stm32dma.o(i._ZN8STM32DMA13setupDataCopyERKN8touchgfx6BlitOpE) referenced from stm32dma.o(.constdata__ZTV8STM32DMA)
 <LI><a href="#[137]">STM32DMA::setupDataFill(const touchgfx::BlitOp&)</a> from stm32dma.o(i._ZN8STM32DMA13setupDataFillERKN8touchgfx6BlitOpE) referenced from stm32dma.o(.constdata__ZTV8STM32DMA)
 <LI><a href="#[131]">STM32DMA::signalDMAInterrupt()</a> from stm32dma.o(i._ZN8STM32DMA18signalDMAInterruptEv) referenced from stm32dma.o(.constdata__ZTV8STM32DMA)
 <LI><a href="#[130]">STM32DMA::start()</a> from stm32dma.o(i._ZN8STM32DMA5startEv) referenced from stm32dma.o(.constdata__ZTV8STM32DMA)
 <LI><a href="#[dc]">STM32DMA::~STM32DMA()</a> from stm32dma.o(i._ZN8STM32DMAD1Ev) referenced from stm32dma.o(.constdata__ZTV8STM32DMA)
 <LI><a href="#[dc]">STM32DMA::~STM32DMA()</a> from stm32dma.o(i._ZN8STM32DMAD1Ev) referenced from touchgfxconfiguration.o(i.__sti___25_TouchGFXConfiguration_cpp_f5abfd34)
 <LI><a href="#[13c]">mainView::setupScreen()</a> from mainview.o(i._ZN8mainView11setupScreenEv) referenced from mainview.o(.constdata__ZTV8mainView)
 <LI><a href="#[13d]">mainView::tearDownScreen()</a> from mainview.o(i._ZN8mainView14tearDownScreenEv) referenced from mainview.o(.constdata__ZTV8mainView)
 <LI><a href="#[13e]">mainView::handleTickEvent()</a> from mainview.o(i._ZN8mainView15handleTickEventEv) referenced from mainview.o(.constdata__ZTV8mainView)
 <LI><a href="#[13b]">mainView::~mainView()</a> from mainview.o(i._ZN8mainViewD1Ev) referenced from mainview.o(.constdata__ZTV8mainView)
 <LI><a href="#[15d]">touchgfx::Transition::invalidate()</a> from frontendapplicationbase.o(i._ZN8touchgfx10Transition10invalidateEv) referenced from frontendapplicationbase.o(.constdata__ZTVN8touchgfx12NoTransitionE)
 <LI><a href="#[15e]">touchgfx::Transition::setScreenContainer(touchgfx::Container&)</a> from frontendapplicationbase.o(i._ZN8touchgfx10Transition18setScreenContainerERNS_9ContainerE) referenced from frontendapplicationbase.o(.constdata__ZTVN8touchgfx12NoTransitionE)
 <LI><a href="#[15c]">touchgfx::Transition::init()</a> from frontendapplicationbase.o(i._ZN8touchgfx10Transition4initEv) referenced from frontendapplicationbase.o(.constdata__ZTVN8touchgfx12NoTransitionE)
 <LI><a href="#[15b]">touchgfx::Transition::tearDown()</a> from frontendapplicationbase.o(i._ZN8touchgfx10Transition8tearDownEv) referenced from frontendapplicationbase.o(.constdata__ZTVN8touchgfx12NoTransitionE)
 <LI><a href="#[121]">touchgfx::Application::invalidate()</a> from application.o(i._ZN8touchgfx11Application10invalidateEv) referenced from frontendapplication.o(.constdata__ZTV19FrontendApplication)
 <LI><a href="#[121]">touchgfx::Application::invalidate()</a> from application.o(i._ZN8touchgfx11Application10invalidateEv) referenced from touchgfxconfiguration.o(.constdata__ZTV23FrontendApplicationBase)
 <LI><a href="#[121]">touchgfx::Application::invalidate()</a> from application.o(i._ZN8touchgfx11Application10invalidateEv) referenced from application.o(.constdata__ZTVN8touchgfx11ApplicationE)
 <LI><a href="#[121]">touchgfx::Application::invalidate()</a> from application.o(i._ZN8touchgfx11Application10invalidateEv) referenced from frontendapplicationbase.o(.constdata__ZTVN8touchgfx14MVPApplicationE)
 <LI><a href="#[11c]">touchgfx::Application::handleKeyEvent(unsigned char)</a> from application.o(i._ZN8touchgfx11Application14handleKeyEventEh) referenced from frontendapplication.o(.constdata__ZTV19FrontendApplication)
 <LI><a href="#[11c]">touchgfx::Application::handleKeyEvent(unsigned char)</a> from application.o(i._ZN8touchgfx11Application14handleKeyEventEh) referenced from touchgfxconfiguration.o(.constdata__ZTV23FrontendApplicationBase)
 <LI><a href="#[11c]">touchgfx::Application::handleKeyEvent(unsigned char)</a> from application.o(i._ZN8touchgfx11Application14handleKeyEventEh) referenced from application.o(.constdata__ZTVN8touchgfx11ApplicationE)
 <LI><a href="#[11c]">touchgfx::Application::handleKeyEvent(unsigned char)</a> from application.o(i._ZN8touchgfx11Application14handleKeyEventEh) referenced from frontendapplicationbase.o(.constdata__ZTVN8touchgfx14MVPApplicationE)
 <LI><a href="#[122]">touchgfx::Application::invalidateArea(touchgfx::Rect)</a> from application.o(i._ZN8touchgfx11Application14invalidateAreaENS_4RectE) referenced from frontendapplication.o(.constdata__ZTV19FrontendApplication)
 <LI><a href="#[122]">touchgfx::Application::invalidateArea(touchgfx::Rect)</a> from application.o(i._ZN8touchgfx11Application14invalidateAreaENS_4RectE) referenced from touchgfxconfiguration.o(.constdata__ZTV23FrontendApplicationBase)
 <LI><a href="#[122]">touchgfx::Application::invalidateArea(touchgfx::Rect)</a> from application.o(i._ZN8touchgfx11Application14invalidateAreaENS_4RectE) referenced from application.o(.constdata__ZTVN8touchgfx11ApplicationE)
 <LI><a href="#[122]">touchgfx::Application::invalidateArea(touchgfx::Rect)</a> from application.o(i._ZN8touchgfx11Application14invalidateAreaENS_4RectE) referenced from frontendapplicationbase.o(.constdata__ZTVN8touchgfx14MVPApplicationE)
 <LI><a href="#[120]">touchgfx::Application::drawCachedAreas()</a> from application.o(i._ZN8touchgfx11Application15drawCachedAreasEv) referenced from frontendapplication.o(.constdata__ZTV19FrontendApplication)
 <LI><a href="#[120]">touchgfx::Application::drawCachedAreas()</a> from application.o(i._ZN8touchgfx11Application15drawCachedAreasEv) referenced from touchgfxconfiguration.o(.constdata__ZTV23FrontendApplicationBase)
 <LI><a href="#[120]">touchgfx::Application::drawCachedAreas()</a> from application.o(i._ZN8touchgfx11Application15drawCachedAreasEv) referenced from application.o(.constdata__ZTVN8touchgfx11ApplicationE)
 <LI><a href="#[120]">touchgfx::Application::drawCachedAreas()</a> from application.o(i._ZN8touchgfx11Application15drawCachedAreasEv) referenced from frontendapplicationbase.o(.constdata__ZTVN8touchgfx14MVPApplicationE)
 <LI><a href="#[11a]">touchgfx::Application::handleDragEvent(const touchgfx::DragEvent&)</a> from application.o(i._ZN8touchgfx11Application15handleDragEventERKNS_9DragEventE) referenced from frontendapplication.o(.constdata__ZTV19FrontendApplication)
 <LI><a href="#[11a]">touchgfx::Application::handleDragEvent(const touchgfx::DragEvent&)</a> from application.o(i._ZN8touchgfx11Application15handleDragEventERKNS_9DragEventE) referenced from touchgfxconfiguration.o(.constdata__ZTV23FrontendApplicationBase)
 <LI><a href="#[11a]">touchgfx::Application::handleDragEvent(const touchgfx::DragEvent&)</a> from application.o(i._ZN8touchgfx11Application15handleDragEventERKNS_9DragEventE) referenced from application.o(.constdata__ZTVN8touchgfx11ApplicationE)
 <LI><a href="#[11a]">touchgfx::Application::handleDragEvent(const touchgfx::DragEvent&)</a> from application.o(i._ZN8touchgfx11Application15handleDragEventERKNS_9DragEventE) referenced from frontendapplicationbase.o(.constdata__ZTVN8touchgfx14MVPApplicationE)
 <LI><a href="#[12a]">touchgfx::Application::handleTickEvent()</a> from application.o(i._ZN8touchgfx11Application15handleTickEventEv) referenced from touchgfxconfiguration.o(.constdata__ZTV23FrontendApplicationBase)
 <LI><a href="#[12a]">touchgfx::Application::handleTickEvent()</a> from application.o(i._ZN8touchgfx11Application15handleTickEventEv) referenced from application.o(.constdata__ZTVN8touchgfx11ApplicationE)
 <LI><a href="#[12a]">touchgfx::Application::handleTickEvent()</a> from application.o(i._ZN8touchgfx11Application15handleTickEventEv) referenced from frontendapplicationbase.o(.constdata__ZTVN8touchgfx14MVPApplicationE)
 <LI><a href="#[11f]">touchgfx::Application::clearCachedAreas()</a> from application.o(i._ZN8touchgfx11Application16clearCachedAreasEv) referenced from frontendapplication.o(.constdata__ZTV19FrontendApplication)
 <LI><a href="#[11f]">touchgfx::Application::clearCachedAreas()</a> from application.o(i._ZN8touchgfx11Application16clearCachedAreasEv) referenced from touchgfxconfiguration.o(.constdata__ZTV23FrontendApplicationBase)
 <LI><a href="#[11f]">touchgfx::Application::clearCachedAreas()</a> from application.o(i._ZN8touchgfx11Application16clearCachedAreasEv) referenced from application.o(.constdata__ZTVN8touchgfx11ApplicationE)
 <LI><a href="#[11f]">touchgfx::Application::clearCachedAreas()</a> from application.o(i._ZN8touchgfx11Application16clearCachedAreasEv) referenced from frontendapplicationbase.o(.constdata__ZTVN8touchgfx14MVPApplicationE)
 <LI><a href="#[119]">touchgfx::Application::handleClickEvent(const touchgfx::ClickEvent&)</a> from application.o(i._ZN8touchgfx11Application16handleClickEventERKNS_10ClickEventE) referenced from frontendapplication.o(.constdata__ZTV19FrontendApplication)
 <LI><a href="#[119]">touchgfx::Application::handleClickEvent(const touchgfx::ClickEvent&)</a> from application.o(i._ZN8touchgfx11Application16handleClickEventERKNS_10ClickEventE) referenced from touchgfxconfiguration.o(.constdata__ZTV23FrontendApplicationBase)
 <LI><a href="#[119]">touchgfx::Application::handleClickEvent(const touchgfx::ClickEvent&)</a> from application.o(i._ZN8touchgfx11Application16handleClickEventERKNS_10ClickEventE) referenced from application.o(.constdata__ZTVN8touchgfx11ApplicationE)
 <LI><a href="#[119]">touchgfx::Application::handleClickEvent(const touchgfx::ClickEvent&)</a> from application.o(i._ZN8touchgfx11Application16handleClickEventERKNS_10ClickEventE) referenced from frontendapplicationbase.o(.constdata__ZTVN8touchgfx14MVPApplicationE)
 <LI><a href="#[11b]">touchgfx::Application::handleGestureEvent(const touchgfx::GestureEvent&)</a> from application.o(i._ZN8touchgfx11Application18handleGestureEventERKNS_12GestureEventE) referenced from frontendapplication.o(.constdata__ZTV19FrontendApplication)
 <LI><a href="#[11b]">touchgfx::Application::handleGestureEvent(const touchgfx::GestureEvent&)</a> from application.o(i._ZN8touchgfx11Application18handleGestureEventERKNS_12GestureEventE) referenced from touchgfxconfiguration.o(.constdata__ZTV23FrontendApplicationBase)
 <LI><a href="#[11b]">touchgfx::Application::handleGestureEvent(const touchgfx::GestureEvent&)</a> from application.o(i._ZN8touchgfx11Application18handleGestureEventERKNS_12GestureEventE) referenced from application.o(.constdata__ZTVN8touchgfx11ApplicationE)
 <LI><a href="#[11b]">touchgfx::Application::handleGestureEvent(const touchgfx::GestureEvent&)</a> from application.o(i._ZN8touchgfx11Application18handleGestureEventERKNS_12GestureEventE) referenced from frontendapplicationbase.o(.constdata__ZTVN8touchgfx14MVPApplicationE)
 <LI><a href="#[13f]">touchgfx::Application::handlePendingScreenTransition()</a> from application.o(i._ZN8touchgfx11Application29handlePendingScreenTransitionEv) referenced from application.o(.constdata__ZTVN8touchgfx11ApplicationE)
 <LI><a href="#[123]">touchgfx::Application::draw(touchgfx::Rect&)</a> from application.o(i._ZN8touchgfx11Application4drawERNS_4RectE) referenced from frontendapplication.o(.constdata__ZTV19FrontendApplication)
 <LI><a href="#[123]">touchgfx::Application::draw(touchgfx::Rect&)</a> from application.o(i._ZN8touchgfx11Application4drawERNS_4RectE) referenced from touchgfxconfiguration.o(.constdata__ZTV23FrontendApplicationBase)
 <LI><a href="#[123]">touchgfx::Application::draw(touchgfx::Rect&)</a> from application.o(i._ZN8touchgfx11Application4drawERNS_4RectE) referenced from application.o(.constdata__ZTVN8touchgfx11ApplicationE)
 <LI><a href="#[123]">touchgfx::Application::draw(touchgfx::Rect&)</a> from application.o(i._ZN8touchgfx11Application4drawERNS_4RectE) referenced from frontendapplicationbase.o(.constdata__ZTVN8touchgfx14MVPApplicationE)
 <LI><a href="#[156]">touchgfx::MoveAnimator&lang;touchgfx::Circle&rang;::handleTickEvent()</a> from mainviewbase.o(t._ZN8touchgfx12MoveAnimatorINS_6CircleEE15handleTickEventEv) referenced from mainviewbase.o(.constdata__ZTVN8touchgfx12MoveAnimatorINS_6CircleEEE)
 <LI><a href="#[15a]">touchgfx::NoTransition::handleTickEvent()</a> from frontendapplicationbase.o(i._ZN8touchgfx12NoTransition15handleTickEventEv) referenced from frontendapplicationbase.o(.constdata__ZTVN8touchgfx12NoTransitionE)
 <LI><a href="#[159]">touchgfx::NoTransition::~NoTransition()</a> from frontendapplicationbase.o(i._ZN8touchgfx12NoTransitionD1Ev) referenced from frontendapplicationbase.o(.constdata__ZTVN8touchgfx12NoTransitionE)
 <LI><a href="#[12d]">touchgfx::DMA_Interface::addToQueue(const touchgfx::BlitOp&)</a> from dma.o(i._ZN8touchgfx13DMA_Interface10addToQueueERKNS_6BlitOpE) referenced from stm32dma.o(.constdata__ZTV8STM32DMA)
 <LI><a href="#[138]">touchgfx::DMA_Interface::enableAlpha(unsigned char)</a> from dma.o(i._ZN8touchgfx13DMA_Interface11enableAlphaEh) referenced from stm32dma.o(.constdata__ZTV8STM32DMA)
 <LI><a href="#[139]">touchgfx::DMA_Interface::disableAlpha()</a> from dma.o(i._ZN8touchgfx13DMA_Interface12disableAlphaEv) referenced from stm32dma.o(.constdata__ZTV8STM32DMA)
 <LI><a href="#[135]">touchgfx::DMA_Interface::seedExecution()</a> from dma.o(i._ZN8touchgfx13DMA_Interface13seedExecutionEv) referenced from stm32dma.o(.constdata__ZTV8STM32DMA)
 <LI><a href="#[134]">touchgfx::DMA_Interface::executeCompleted()</a> from dma.o(i._ZN8touchgfx13DMA_Interface16executeCompletedEv) referenced from stm32dma.o(.constdata__ZTV8STM32DMA)
 <LI><a href="#[13a]">touchgfx::DMA_Interface::waitForFrameBufferSemaphore()</a> from dma.o(i._ZN8touchgfx13DMA_Interface27waitForFrameBufferSemaphoreEv) referenced from stm32dma.o(.constdata__ZTV8STM32DMA)
 <LI><a href="#[12e]">touchgfx::DMA_Interface::flush()</a> from stm32dma.o(i._ZN8touchgfx13DMA_Interface5flushEv) referenced from stm32dma.o(.constdata__ZTV8STM32DMA)
 <LI><a href="#[133]">touchgfx::DMA_Interface::execute()</a> from dma.o(i._ZN8touchgfx13DMA_Interface7executeEv) referenced from stm32dma.o(.constdata__ZTV8STM32DMA)
 <LI><a href="#[be]">touchgfx::GeneratedFont::~GeneratedFont()</a> from generatedfont.o(i._ZN8touchgfx13GeneratedFontD1Ev) referenced from generatedfont.o(.constdata__ZTVN8touchgfx13GeneratedFontE)
 <LI><a href="#[be]">touchgfx::GeneratedFont::~GeneratedFont()</a> from generatedfont.o(i._ZN8touchgfx13GeneratedFontD1Ev) referenced from table_verdana_10_4bpp.o(i._Z23getFont_verdana_10_4bppv)
 <LI><a href="#[be]">touchgfx::GeneratedFont::~GeneratedFont()</a> from generatedfont.o(i._ZN8touchgfx13GeneratedFontD1Ev) referenced from table_verdana_20_4bpp.o(i._Z23getFont_verdana_20_4bppv)
 <LI><a href="#[be]">touchgfx::GeneratedFont::~GeneratedFont()</a> from generatedfont.o(i._ZN8touchgfx13GeneratedFontD1Ev) referenced from table_verdana_40_4bpp.o(i._Z23getFont_verdana_40_4bppv)
 <LI><a href="#[11e]">touchgfx::MVPApplication::handlePendingScreenTransition()</a> from touchgfxconfiguration.o(i._ZN8touchgfx14MVPApplication29handlePendingScreenTransitionEv) referenced from frontendapplication.o(.constdata__ZTV19FrontendApplication)
 <LI><a href="#[11e]">touchgfx::MVPApplication::handlePendingScreenTransition()</a> from touchgfxconfiguration.o(i._ZN8touchgfx14MVPApplication29handlePendingScreenTransitionEv) referenced from touchgfxconfiguration.o(.constdata__ZTV23FrontendApplicationBase)
 <LI><a href="#[11e]">touchgfx::MVPApplication::handlePendingScreenTransition()</a> from touchgfxconfiguration.o(i._ZN8touchgfx14MVPApplication29handlePendingScreenTransitionEv) referenced from frontendapplicationbase.o(.constdata__ZTVN8touchgfx14MVPApplicationE)
 <LI><a href="#[165]">touchgfx::AbstractPartition::~AbstractPartition__sub_object()</a> from abstractpartition.o(i._ZN8touchgfx17AbstractPartitionD2Ev) referenced from abstractpartition.o(.constdata__ZTVN8touchgfx17AbstractPartitionE)
 <LI><a href="#[168]">touchgfx::LockFreeDMA_Queue::pushCopyOf(const touchgfx::BlitOp&)</a> from dma.o(i._ZN8touchgfx17LockFreeDMA_Queue10pushCopyOfERKNS_6BlitOpE) referenced from dma.o(.constdata__ZTVN8touchgfx17LockFreeDMA_QueueE)
 <LI><a href="#[169]">touchgfx::LockFreeDMA_Queue::pop()</a> from dma.o(i._ZN8touchgfx17LockFreeDMA_Queue3popEv) referenced from dma.o(.constdata__ZTVN8touchgfx17LockFreeDMA_QueueE)
 <LI><a href="#[16a]">touchgfx::LockFreeDMA_Queue::first()</a> from dma.o(i._ZN8touchgfx17LockFreeDMA_Queue5firstEv) referenced from dma.o(.constdata__ZTVN8touchgfx17LockFreeDMA_QueueE)
 <LI><a href="#[167]">touchgfx::LockFreeDMA_Queue::isFull()</a> from dma.o(i._ZN8touchgfx17LockFreeDMA_Queue6isFullEv) referenced from dma.o(.constdata__ZTVN8touchgfx17LockFreeDMA_QueueE)
 <LI><a href="#[166]">touchgfx::LockFreeDMA_Queue::isEmpty()</a> from dma.o(i._ZN8touchgfx17LockFreeDMA_Queue7isEmptyEv) referenced from dma.o(.constdata__ZTVN8touchgfx17LockFreeDMA_QueueE)
 <LI><a href="#[16e]">touchgfx::MCUInstrumentation::getCCConsumed()</a> from cortexmmcuinstrumentation.o(i._ZN8touchgfx18MCUInstrumentation13getCCConsumedEv) referenced from cortexmmcuinstrumentation.o(.constdata__ZTVN8touchgfx25CortexMMCUInstrumentationE)
 <LI><a href="#[16f]">touchgfx::MCUInstrumentation::setCCConsumed(unsigned)</a> from cortexmmcuinstrumentation.o(i._ZN8touchgfx18MCUInstrumentation13setCCConsumedEj) referenced from cortexmmcuinstrumentation.o(.constdata__ZTVN8touchgfx25CortexMMCUInstrumentationE)
 <LI><a href="#[de]">touchgfx::VectorFontRendererImpl::~VectorFontRendererImpl()</a> from touchgfxconfiguration.o(i._ZN8touchgfx22VectorFontRendererImplD1Ev) referenced from vectorfontrendererimpl.o(.constdata__ZTVN8touchgfx22VectorFontRendererImplE)
 <LI><a href="#[de]">touchgfx::VectorFontRendererImpl::~VectorFontRendererImpl()</a> from touchgfxconfiguration.o(i._ZN8touchgfx22VectorFontRendererImplD1Ev) referenced from touchgfxconfiguration.o(i.__sti___25_TouchGFXConfiguration_cpp_f5abfd34)
 <LI><a href="#[16c]">touchgfx::CortexMMCUInstrumentation::getCPUCycles()</a> from cortexmmcuinstrumentation.o(i._ZN8touchgfx25CortexMMCUInstrumentation12getCPUCyclesEv) referenced from cortexmmcuinstrumentation.o(.constdata__ZTVN8touchgfx25CortexMMCUInstrumentationE)
 <LI><a href="#[16d]">touchgfx::CortexMMCUInstrumentation::setMCUActive(bool)</a> from cortexmmcuinstrumentation.o(i._ZN8touchgfx25CortexMMCUInstrumentation12setMCUActiveEb) referenced from cortexmmcuinstrumentation.o(.constdata__ZTVN8touchgfx25CortexMMCUInstrumentationE)
 <LI><a href="#[16b]">touchgfx::CortexMMCUInstrumentation::init()</a> from cortexmmcuinstrumentation.o(i._ZN8touchgfx25CortexMMCUInstrumentation4initEv) referenced from cortexmmcuinstrumentation.o(.constdata__ZTVN8touchgfx25CortexMMCUInstrumentationE)
 <LI><a href="#[17a]">touchgfx::HAL::FlushCache()</a> from hal.o(i._ZN8touchgfx3HAL10FlushCacheEv) referenced from hal.o(.constdata__ZTVN8touchgfx3HALE)
 <LI><a href="#[177]">touchgfx::HAL::beginFrame()</a> from hal.o(i._ZN8touchgfx3HAL10beginFrameEv) referenced from hal.o(.constdata__ZTVN8touchgfx3HALE)
 <LI><a href="#[102]">touchgfx::HAL::getDMAType()</a> from touchgfxhal.o(i._ZN8touchgfx3HAL10getDMATypeEv) referenced from touchgfxhal.o(.constdata__ZTV11TouchGFXHAL)
 <LI><a href="#[102]">touchgfx::HAL::getDMAType()</a> from touchgfxhal.o(i._ZN8touchgfx3HAL10getDMATypeEv) referenced from hal.o(.constdata__ZTVN8touchgfx3HALE)
 <LI><a href="#[174]">touchgfx::HAL::initialize()</a> from hal.o(i._ZN8touchgfx3HAL10initializeEv) referenced from hal.o(.constdata__ZTVN8touchgfx3HALE)
 <LI><a href="#[f4]">touchgfx::HAL::getBlitCaps()</a> from touchgfxhal.o(i._ZN8touchgfx3HAL11getBlitCapsEv) referenced from touchgfxhal.o(.constdata__ZTV11TouchGFXHAL)
 <LI><a href="#[f4]">touchgfx::HAL::getBlitCaps()</a> from touchgfxhal.o(i._ZN8touchgfx3HAL11getBlitCapsEv) referenced from hal.o(.constdata__ZTVN8touchgfx3HALE)
 <LI><a href="#[179]">touchgfx::HAL::InvalidateCache()</a> from hal.o(i._ZN8touchgfx3HAL15InvalidateCacheEv) referenced from hal.o(.constdata__ZTVN8touchgfx3HALE)
 <LI><a href="#[f8]">touchgfx::HAL::backPorchExited()</a> from touchgfxhal.o(i._ZN8touchgfx3HAL15backPorchExitedEv) referenced from touchgfxhal.o(.constdata__ZTV11TouchGFXHAL)
 <LI><a href="#[f8]">touchgfx::HAL::backPorchExited()</a> from touchgfxhal.o(i._ZN8touchgfx3HAL15backPorchExitedEv) referenced from hal.o(.constdata__ZTVN8touchgfx3HALE)
 <LI><a href="#[f1]">touchgfx::HAL::lockFrameBuffer()</a> from hal.o(i._ZN8touchgfx3HAL15lockFrameBufferEv) referenced from touchgfxhal.o(.constdata__ZTV11TouchGFXHAL)
 <LI><a href="#[f1]">touchgfx::HAL::lockFrameBuffer()</a> from hal.o(i._ZN8touchgfx3HAL15lockFrameBufferEv) referenced from hal.o(.constdata__ZTVN8touchgfx3HALE)
 <LI><a href="#[175]">touchgfx::HAL::flushFrameBuffer(const touchgfx::Rect&)</a> from hal.o(i._ZN8touchgfx3HAL16flushFrameBufferERKNS_4RectE) referenced from hal.o(.constdata__ZTVN8touchgfx3HALE)
 <LI><a href="#[ef]">touchgfx::HAL::allowDMATransfers()</a> from hal.o(i._ZN8touchgfx3HAL17allowDMATransfersEv) referenced from touchgfxhal.o(.constdata__ZTV11TouchGFXHAL)
 <LI><a href="#[ef]">touchgfx::HAL::allowDMATransfers()</a> from hal.o(i._ZN8touchgfx3HAL17allowDMATransfersEv) referenced from hal.o(.constdata__ZTVN8touchgfx3HALE)
 <LI><a href="#[101]">touchgfx::HAL::getTFTCurrentLine()</a> from touchgfxhal.o(i._ZN8touchgfx3HAL17getTFTCurrentLineEv) referenced from touchgfxhal.o(.constdata__ZTV11TouchGFXHAL)
 <LI><a href="#[101]">touchgfx::HAL::getTFTCurrentLine()</a> from touchgfxhal.o(i._ZN8touchgfx3HAL17getTFTCurrentLineEv) referenced from hal.o(.constdata__ZTVN8touchgfx3HALE)
 <LI><a href="#[176]">touchgfx::HAL::unlockFrameBuffer()</a> from hal.o(i._ZN8touchgfx3HAL17unlockFrameBufferEv) referenced from hal.o(.constdata__ZTVN8touchgfx3HALE)
 <LI><a href="#[fe]">touchgfx::HAL::setAnimationStorage(void*)</a> from touchgfxhal.o(i._ZN8touchgfx3HAL19setAnimationStorageEPv) referenced from touchgfxhal.o(.constdata__ZTV11TouchGFXHAL)
 <LI><a href="#[fe]">touchgfx::HAL::setAnimationStorage(void*)</a> from touchgfxhal.o(i._ZN8touchgfx3HAL19setAnimationStorageEPv) referenced from hal.o(.constdata__ZTVN8touchgfx3HALE)
 <LI><a href="#[f7]">touchgfx::HAL::registerEventListener(touchgfx::UIEventListener&)</a> from hal.o(i._ZN8touchgfx3HAL21registerEventListenerERNS_15UIEventListenerE) referenced from touchgfxhal.o(.constdata__ZTV11TouchGFXHAL)
 <LI><a href="#[f7]">touchgfx::HAL::registerEventListener(touchgfx::UIEventListener&)</a> from hal.o(i._ZN8touchgfx3HAL21registerEventListenerERNS_15UIEventListenerE) referenced from hal.o(.constdata__ZTVN8touchgfx3HALE)
 <LI><a href="#[eb]">touchgfx::HAL::setDisplayOrientation(touchgfx::DisplayOrientation)</a> from touchgfxhal.o(i._ZN8touchgfx3HAL21setDisplayOrientationENS_18DisplayOrientationE) referenced from touchgfxhal.o(.constdata__ZTV11TouchGFXHAL)
 <LI><a href="#[eb]">touchgfx::HAL::setDisplayOrientation(touchgfx::DisplayOrientation)</a> from touchgfxhal.o(i._ZN8touchgfx3HAL21setDisplayOrientationENS_18DisplayOrientationE) referenced from hal.o(.constdata__ZTVN8touchgfx3HALE)
 <LI><a href="#[ff]">touchgfx::HAL::configurePartialFrameBuffer(unsigned short, unsigned short, unsigned short, unsigned short)</a> from hal.o(i._ZN8touchgfx3HAL27configurePartialFrameBufferEtttt) referenced from touchgfxhal.o(.constdata__ZTV11TouchGFXHAL)
 <LI><a href="#[ff]">touchgfx::HAL::configurePartialFrameBuffer(unsigned short, unsigned short, unsigned short, unsigned short)</a> from hal.o(i._ZN8touchgfx3HAL27configurePartialFrameBufferEtttt) referenced from hal.o(.constdata__ZTVN8touchgfx3HALE)
 <LI><a href="#[fd]">touchgfx::HAL::setFrameBufferStartAddresses(void*, void*, void*)</a> from touchgfxhal.o(i._ZN8touchgfx3HAL28setFrameBufferStartAddressesEPvS1_S1_) referenced from touchgfxhal.o(.constdata__ZTV11TouchGFXHAL)
 <LI><a href="#[fd]">touchgfx::HAL::setFrameBufferStartAddresses(void*, void*, void*)</a> from touchgfxhal.o(i._ZN8touchgfx3HAL28setFrameBufferStartAddressesEPvS1_S1_) referenced from hal.o(.constdata__ZTVN8touchgfx3HALE)
 <LI><a href="#[109]">touchgfx::HAL::performDisplayOrientationChange()</a> from touchgfxhal.o(i._ZN8touchgfx3HAL31performDisplayOrientationChangeEv) referenced from touchgfxhal.o(.constdata__ZTV11TouchGFXHAL)
 <LI><a href="#[109]">touchgfx::HAL::performDisplayOrientationChange()</a> from touchgfxhal.o(i._ZN8touchgfx3HAL31performDisplayOrientationChangeEv) referenced from hal.o(.constdata__ZTVN8touchgfx3HALE)
 <LI><a href="#[103]">touchgfx::HAL::tick()</a> from hal.o(i._ZN8touchgfx3HAL4tickEv) referenced from touchgfxhal.o(.constdata__ZTV11TouchGFXHAL)
 <LI><a href="#[103]">touchgfx::HAL::tick()</a> from hal.o(i._ZN8touchgfx3HAL4tickEv) referenced from hal.o(.constdata__ZTVN8touchgfx3HALE)
 <LI><a href="#[107]">touchgfx::HAL::touch(int, int)</a> from hal.o(i._ZN8touchgfx3HAL5touchEii) referenced from touchgfxhal.o(.constdata__ZTV11TouchGFXHAL)
 <LI><a href="#[107]">touchgfx::HAL::touch(int, int)</a> from hal.o(i._ZN8touchgfx3HAL5touchEii) referenced from hal.o(.constdata__ZTVN8touchgfx3HALE)
 <LI><a href="#[108]">touchgfx::HAL::noTouch()</a> from hal.o(i._ZN8touchgfx3HAL7noTouchEv) referenced from touchgfxhal.o(.constdata__ZTV11TouchGFXHAL)
 <LI><a href="#[108]">touchgfx::HAL::noTouch()</a> from hal.o(i._ZN8touchgfx3HAL7noTouchEv) referenced from hal.o(.constdata__ZTVN8touchgfx3HALE)
 <LI><a href="#[f6]">touchgfx::HAL::blitFill(touchgfx::colortype, unsigned short, unsigned short, unsigned short, unsigned short, unsigned char, bool)</a> from hal.o(i._ZN8touchgfx3HAL8blitFillENS_9colortypeEtttthb) referenced from touchgfxhal.o(.constdata__ZTV11TouchGFXHAL)
 <LI><a href="#[f6]">touchgfx::HAL::blitFill(touchgfx::colortype, unsigned short, unsigned short, unsigned short, unsigned short, unsigned char, bool)</a> from hal.o(i._ZN8touchgfx3HAL8blitFillENS_9colortypeEtttthb) referenced from hal.o(.constdata__ZTVN8touchgfx3HALE)
 <LI><a href="#[f5]">touchgfx::HAL::blitFill(touchgfx::colortype, unsigned short, unsigned short, unsigned short, unsigned short, unsigned char, unsigned short, touchgfx::Bitmap::BitmapFormat, bool)</a> from hal.o(i._ZN8touchgfx3HAL8blitFillENS_9colortypeEtttthtNS_6Bitmap12BitmapFormatEb) referenced from touchgfxhal.o(.constdata__ZTV11TouchGFXHAL)
 <LI><a href="#[f5]">touchgfx::HAL::blitFill(touchgfx::colortype, unsigned short, unsigned short, unsigned short, unsigned short, unsigned char, unsigned short, touchgfx::Bitmap::BitmapFormat, bool)</a> from hal.o(i._ZN8touchgfx3HAL8blitFillENS_9colortypeEtttthtNS_6Bitmap12BitmapFormatEb) referenced from hal.o(.constdata__ZTVN8touchgfx3HALE)
 <LI><a href="#[178]">touchgfx::HAL::endFrame()</a> from hal.o(i._ZN8touchgfx3HAL8endFrameEv) referenced from hal.o(.constdata__ZTVN8touchgfx3HALE)
 <LI><a href="#[f0]">touchgfx::HAL::flushDMA()</a> from hal.o(i._ZN8touchgfx3HAL8flushDMAEv) referenced from touchgfxhal.o(.constdata__ZTV11TouchGFXHAL)
 <LI><a href="#[f0]">touchgfx::HAL::flushDMA()</a> from hal.o(i._ZN8touchgfx3HAL8flushDMAEv) referenced from hal.o(.constdata__ZTVN8touchgfx3HALE)
 <LI><a href="#[100]">touchgfx::HAL::taskDelay(unsigned short)</a> from touchgfxhal.o(i._ZN8touchgfx3HAL9taskDelayEt) referenced from touchgfxhal.o(.constdata__ZTV11TouchGFXHAL)
 <LI><a href="#[100]">touchgfx::HAL::taskDelay(unsigned short)</a> from touchgfxhal.o(i._ZN8touchgfx3HAL9taskDelayEt) referenced from hal.o(.constdata__ZTVN8touchgfx3HALE)
 <LI><a href="#[e9]">touchgfx::Rect::Rect()</a> from touchgfxgeneratedhal.o(i._ZN8touchgfx4RectC1Ev) referenced from application.o(t._ZN8touchgfx6VectorINS_4RectELt8EEC1Ev)
 <LI><a href="#[c0]">touchgfx::BlitOp::BlitOp()</a> from stm32dma.o(i._ZN8touchgfx6BlitOpC1Ev) referenced from stm32dma.o(i._ZN8STM32DMAC1Ev)
 <LI><a href="#[17c]">touchgfx::Canvas::lineTo(touchgfx::CWRUtil::Q5, touchgfx::CWRUtil::Q5)</a> from canvas.o(i._ZN8touchgfx6Canvas6lineToENS_7CWRUtil2Q5ES2_) referenced from canvas.o(.constdata__ZTVN8touchgfx6CanvasE)
 <LI><a href="#[17b]">touchgfx::Canvas::~Canvas()</a> from circle.o(i._ZN8touchgfx6CanvasD1Ev) referenced from canvas.o(.constdata__ZTVN8touchgfx6CanvasE)
 <LI><a href="#[17e]">touchgfx::Screen::setupScreen()</a> from screen.o(i._ZN8touchgfx6Screen11setupScreenEv) referenced from screen.o(.constdata__ZTVN8touchgfx6ScreenE)
 <LI><a href="#[115]">touchgfx::Screen::handleKeyEvent(unsigned char)</a> from mainview.o(i._ZN8touchgfx6Screen14handleKeyEventEh) referenced from mainviewbase.o(.constdata__ZTV12mainViewBase)
 <LI><a href="#[115]">touchgfx::Screen::handleKeyEvent(unsigned char)</a> from mainview.o(i._ZN8touchgfx6Screen14handleKeyEventEh) referenced from mainview.o(.constdata__ZTV8mainView)
 <LI><a href="#[115]">touchgfx::Screen::handleKeyEvent(unsigned char)</a> from mainview.o(i._ZN8touchgfx6Screen14handleKeyEventEh) referenced from screen.o(.constdata__ZTVN8touchgfx6ScreenE)
 <LI><a href="#[110]">touchgfx::Screen::tearDownScreen()</a> from mainviewbase.o(i._ZN8touchgfx6Screen14tearDownScreenEv) referenced from mainviewbase.o(.constdata__ZTV12mainViewBase)
 <LI><a href="#[110]">touchgfx::Screen::tearDownScreen()</a> from mainviewbase.o(i._ZN8touchgfx6Screen14tearDownScreenEv) referenced from screen.o(.constdata__ZTVN8touchgfx6ScreenE)
 <LI><a href="#[10f]">touchgfx::Screen::afterTransition()</a> from mainview.o(i._ZN8touchgfx6Screen15afterTransitionEv) referenced from mainviewbase.o(.constdata__ZTV12mainViewBase)
 <LI><a href="#[10f]">touchgfx::Screen::afterTransition()</a> from mainview.o(i._ZN8touchgfx6Screen15afterTransitionEv) referenced from mainview.o(.constdata__ZTV8mainView)
 <LI><a href="#[10f]">touchgfx::Screen::afterTransition()</a> from mainview.o(i._ZN8touchgfx6Screen15afterTransitionEv) referenced from screen.o(.constdata__ZTVN8touchgfx6ScreenE)
 <LI><a href="#[112]">touchgfx::Screen::handleDragEvent(const touchgfx::DragEvent&)</a> from screen.o(i._ZN8touchgfx6Screen15handleDragEventERKNS_9DragEventE) referenced from mainviewbase.o(.constdata__ZTV12mainViewBase)
 <LI><a href="#[112]">touchgfx::Screen::handleDragEvent(const touchgfx::DragEvent&)</a> from screen.o(i._ZN8touchgfx6Screen15handleDragEventERKNS_9DragEventE) referenced from mainview.o(.constdata__ZTV8mainView)
 <LI><a href="#[112]">touchgfx::Screen::handleDragEvent(const touchgfx::DragEvent&)</a> from screen.o(i._ZN8touchgfx6Screen15handleDragEventERKNS_9DragEventE) referenced from screen.o(.constdata__ZTVN8touchgfx6ScreenE)
 <LI><a href="#[114]">touchgfx::Screen::handleTickEvent()</a> from mainviewbase.o(i._ZN8touchgfx6Screen15handleTickEventEv) referenced from mainviewbase.o(.constdata__ZTV12mainViewBase)
 <LI><a href="#[114]">touchgfx::Screen::handleTickEvent()</a> from mainviewbase.o(i._ZN8touchgfx6Screen15handleTickEventEv) referenced from screen.o(.constdata__ZTVN8touchgfx6ScreenE)
 <LI><a href="#[111]">touchgfx::Screen::handleClickEvent(const touchgfx::ClickEvent&)</a> from screen.o(i._ZN8touchgfx6Screen16handleClickEventERKNS_10ClickEventE) referenced from mainviewbase.o(.constdata__ZTV12mainViewBase)
 <LI><a href="#[111]">touchgfx::Screen::handleClickEvent(const touchgfx::ClickEvent&)</a> from screen.o(i._ZN8touchgfx6Screen16handleClickEventERKNS_10ClickEventE) referenced from mainview.o(.constdata__ZTV8mainView)
 <LI><a href="#[111]">touchgfx::Screen::handleClickEvent(const touchgfx::ClickEvent&)</a> from screen.o(i._ZN8touchgfx6Screen16handleClickEventERKNS_10ClickEventE) referenced from screen.o(.constdata__ZTVN8touchgfx6ScreenE)
 <LI><a href="#[113]">touchgfx::Screen::handleGestureEvent(const touchgfx::GestureEvent&)</a> from screen.o(i._ZN8touchgfx6Screen18handleGestureEventERKNS_12GestureEventE) referenced from mainviewbase.o(.constdata__ZTV12mainViewBase)
 <LI><a href="#[113]">touchgfx::Screen::handleGestureEvent(const touchgfx::GestureEvent&)</a> from screen.o(i._ZN8touchgfx6Screen18handleGestureEventERKNS_12GestureEventE) referenced from mainview.o(.constdata__ZTV8mainView)
 <LI><a href="#[113]">touchgfx::Screen::handleGestureEvent(const touchgfx::GestureEvent&)</a> from screen.o(i._ZN8touchgfx6Screen18handleGestureEventERKNS_12GestureEventE) referenced from screen.o(.constdata__ZTVN8touchgfx6ScreenE)
 <LI><a href="#[10d]">touchgfx::Screen::draw(touchgfx::Rect&)</a> from screen.o(i._ZN8touchgfx6Screen4drawERNS_4RectE) referenced from mainviewbase.o(.constdata__ZTV12mainViewBase)
 <LI><a href="#[10d]">touchgfx::Screen::draw(touchgfx::Rect&)</a> from screen.o(i._ZN8touchgfx6Screen4drawERNS_4RectE) referenced from mainview.o(.constdata__ZTV8mainView)
 <LI><a href="#[10d]">touchgfx::Screen::draw(touchgfx::Rect&)</a> from screen.o(i._ZN8touchgfx6Screen4drawERNS_4RectE) referenced from screen.o(.constdata__ZTVN8touchgfx6ScreenE)
 <LI><a href="#[17d]">touchgfx::Screen::~Screen()</a> from screen.o(i._ZN8touchgfx6ScreenD1Ev) referenced from screen.o(.constdata__ZTVN8touchgfx6ScreenE)
 <LI><a href="#[145]">touchgfx::Widget::getLastChild(short, short, touchgfx::Drawable**)</a> from touchgfxgeneratedhal.o(i._ZN8touchgfx6Widget12getLastChildEssPPNS_8DrawableE) referenced from canvaswidget.o(.constdata__ZTVN8touchgfx12CanvasWidgetE)
 <LI><a href="#[145]">touchgfx::Widget::getLastChild(short, short, touchgfx::Drawable**)</a> from touchgfxgeneratedhal.o(i._ZN8touchgfx6Widget12getLastChildEssPPNS_8DrawableE) referenced from mainviewbase.o(.constdata__ZTVN8touchgfx12MoveAnimatorINS_6CircleEEE)
 <LI><a href="#[145]">touchgfx::Widget::getLastChild(short, short, touchgfx::Drawable**)</a> from touchgfxgeneratedhal.o(i._ZN8touchgfx6Widget12getLastChildEssPPNS_8DrawableE) referenced from box.o(.constdata__ZTVN8touchgfx3BoxE)
 <LI><a href="#[145]">touchgfx::Widget::getLastChild(short, short, touchgfx::Drawable**)</a> from touchgfxgeneratedhal.o(i._ZN8touchgfx6Widget12getLastChildEssPPNS_8DrawableE) referenced from circle.o(.constdata__ZTVN8touchgfx6CircleE)
 <LI><a href="#[17f]">touchgfx::Outline::~Outline()</a> from outline.o(i._ZN8touchgfx7OutlineD1Ev) referenced from outline.o(.constdata__ZTVN8touchgfx7OutlineE)
 <LI><a href="#[180]">touchgfx::Callback&lang;FrontendApplicationBase, void, void, void&rang;::execute()</a> from frontendapplicationbase.o(t._ZN8touchgfx8CallbackI23FrontendApplicationBasevvvE7executeEv) referenced from frontendapplicationbase.o(.constdata__ZTVN8touchgfx8CallbackI23FrontendApplicationBasevvvEE)
 <LI><a href="#[150]">touchgfx::Drawable::moveRelative(short, short)</a> from drawable.o(i._ZN8touchgfx8Drawable12moveRelativeEss) referenced from canvaswidget.o(.constdata__ZTVN8touchgfx12CanvasWidgetE)
 <LI><a href="#[150]">touchgfx::Drawable::moveRelative(short, short)</a> from drawable.o(i._ZN8touchgfx8Drawable12moveRelativeEss) referenced from mainviewbase.o(.constdata__ZTVN8touchgfx12MoveAnimatorINS_6CircleEEE)
 <LI><a href="#[150]">touchgfx::Drawable::moveRelative(short, short)</a> from drawable.o(i._ZN8touchgfx8Drawable12moveRelativeEss) referenced from box.o(.constdata__ZTVN8touchgfx3BoxE)
 <LI><a href="#[150]">touchgfx::Drawable::moveRelative(short, short)</a> from drawable.o(i._ZN8touchgfx8Drawable12moveRelativeEss) referenced from circle.o(.constdata__ZTVN8touchgfx6CircleE)
 <LI><a href="#[150]">touchgfx::Drawable::moveRelative(short, short)</a> from drawable.o(i._ZN8touchgfx8Drawable12moveRelativeEss) referenced from drawable.o(.constdata__ZTVN8touchgfx8DrawableE)
 <LI><a href="#[150]">touchgfx::Drawable::moveRelative(short, short)</a> from drawable.o(i._ZN8touchgfx8Drawable12moveRelativeEss) referenced from container.o(.constdata__ZTVN8touchgfx9ContainerE)
 <LI><a href="#[152]">touchgfx::Drawable::setupDrawChain(const touchgfx::Rect&, touchgfx::Drawable**)</a> from touchgfxgeneratedhal.o(i._ZN8touchgfx8Drawable14setupDrawChainERKNS_4RectEPPS0_) referenced from canvaswidget.o(.constdata__ZTVN8touchgfx12CanvasWidgetE)
 <LI><a href="#[152]">touchgfx::Drawable::setupDrawChain(const touchgfx::Rect&, touchgfx::Drawable**)</a> from touchgfxgeneratedhal.o(i._ZN8touchgfx8Drawable14setupDrawChainERKNS_4RectEPPS0_) referenced from mainviewbase.o(.constdata__ZTVN8touchgfx12MoveAnimatorINS_6CircleEEE)
 <LI><a href="#[152]">touchgfx::Drawable::setupDrawChain(const touchgfx::Rect&, touchgfx::Drawable**)</a> from touchgfxgeneratedhal.o(i._ZN8touchgfx8Drawable14setupDrawChainERKNS_4RectEPPS0_) referenced from box.o(.constdata__ZTVN8touchgfx3BoxE)
 <LI><a href="#[152]">touchgfx::Drawable::setupDrawChain(const touchgfx::Rect&, touchgfx::Drawable**)</a> from touchgfxgeneratedhal.o(i._ZN8touchgfx8Drawable14setupDrawChainERKNS_4RectEPPS0_) referenced from circle.o(.constdata__ZTVN8touchgfx6CircleE)
 <LI><a href="#[152]">touchgfx::Drawable::setupDrawChain(const touchgfx::Rect&, touchgfx::Drawable**)</a> from touchgfxgeneratedhal.o(i._ZN8touchgfx8Drawable14setupDrawChainERKNS_4RectEPPS0_) referenced from drawable.o(.constdata__ZTVN8touchgfx8DrawableE)
 <LI><a href="#[14e]">touchgfx::Drawable::handleDragEvent(const touchgfx::DragEvent&)</a> from touchgfxgeneratedhal.o(i._ZN8touchgfx8Drawable15handleDragEventERKNS_9DragEventE) referenced from canvaswidget.o(.constdata__ZTVN8touchgfx12CanvasWidgetE)
 <LI><a href="#[14e]">touchgfx::Drawable::handleDragEvent(const touchgfx::DragEvent&)</a> from touchgfxgeneratedhal.o(i._ZN8touchgfx8Drawable15handleDragEventERKNS_9DragEventE) referenced from mainviewbase.o(.constdata__ZTVN8touchgfx12MoveAnimatorINS_6CircleEEE)
 <LI><a href="#[14e]">touchgfx::Drawable::handleDragEvent(const touchgfx::DragEvent&)</a> from touchgfxgeneratedhal.o(i._ZN8touchgfx8Drawable15handleDragEventERKNS_9DragEventE) referenced from box.o(.constdata__ZTVN8touchgfx3BoxE)
 <LI><a href="#[14e]">touchgfx::Drawable::handleDragEvent(const touchgfx::DragEvent&)</a> from touchgfxgeneratedhal.o(i._ZN8touchgfx8Drawable15handleDragEventERKNS_9DragEventE) referenced from circle.o(.constdata__ZTVN8touchgfx6CircleE)
 <LI><a href="#[14e]">touchgfx::Drawable::handleDragEvent(const touchgfx::DragEvent&)</a> from touchgfxgeneratedhal.o(i._ZN8touchgfx8Drawable15handleDragEventERKNS_9DragEventE) referenced from drawable.o(.constdata__ZTVN8touchgfx8DrawableE)
 <LI><a href="#[14e]">touchgfx::Drawable::handleDragEvent(const touchgfx::DragEvent&)</a> from touchgfxgeneratedhal.o(i._ZN8touchgfx8Drawable15handleDragEventERKNS_9DragEventE) referenced from container.o(.constdata__ZTVN8touchgfx9ContainerE)
 <LI><a href="#[14f]">touchgfx::Drawable::handleTickEvent()</a> from touchgfxgeneratedhal.o(i._ZN8touchgfx8Drawable15handleTickEventEv) referenced from canvaswidget.o(.constdata__ZTVN8touchgfx12CanvasWidgetE)
 <LI><a href="#[14f]">touchgfx::Drawable::handleTickEvent()</a> from touchgfxgeneratedhal.o(i._ZN8touchgfx8Drawable15handleTickEventEv) referenced from box.o(.constdata__ZTVN8touchgfx3BoxE)
 <LI><a href="#[14f]">touchgfx::Drawable::handleTickEvent()</a> from touchgfxgeneratedhal.o(i._ZN8touchgfx8Drawable15handleTickEventEv) referenced from circle.o(.constdata__ZTVN8touchgfx6CircleE)
 <LI><a href="#[14f]">touchgfx::Drawable::handleTickEvent()</a> from touchgfxgeneratedhal.o(i._ZN8touchgfx8Drawable15handleTickEventEv) referenced from drawable.o(.constdata__ZTVN8touchgfx8DrawableE)
 <LI><a href="#[14f]">touchgfx::Drawable::handleTickEvent()</a> from touchgfxgeneratedhal.o(i._ZN8touchgfx8Drawable15handleTickEventEv) referenced from container.o(.constdata__ZTVN8touchgfx9ContainerE)
 <LI><a href="#[14c]">touchgfx::Drawable::handleClickEvent(const touchgfx::ClickEvent&)</a> from touchgfxgeneratedhal.o(i._ZN8touchgfx8Drawable16handleClickEventERKNS_10ClickEventE) referenced from canvaswidget.o(.constdata__ZTVN8touchgfx12CanvasWidgetE)
 <LI><a href="#[14c]">touchgfx::Drawable::handleClickEvent(const touchgfx::ClickEvent&)</a> from touchgfxgeneratedhal.o(i._ZN8touchgfx8Drawable16handleClickEventERKNS_10ClickEventE) referenced from mainviewbase.o(.constdata__ZTVN8touchgfx12MoveAnimatorINS_6CircleEEE)
 <LI><a href="#[14c]">touchgfx::Drawable::handleClickEvent(const touchgfx::ClickEvent&)</a> from touchgfxgeneratedhal.o(i._ZN8touchgfx8Drawable16handleClickEventERKNS_10ClickEventE) referenced from box.o(.constdata__ZTVN8touchgfx3BoxE)
 <LI><a href="#[14c]">touchgfx::Drawable::handleClickEvent(const touchgfx::ClickEvent&)</a> from touchgfxgeneratedhal.o(i._ZN8touchgfx8Drawable16handleClickEventERKNS_10ClickEventE) referenced from circle.o(.constdata__ZTVN8touchgfx6CircleE)
 <LI><a href="#[14c]">touchgfx::Drawable::handleClickEvent(const touchgfx::ClickEvent&)</a> from touchgfxgeneratedhal.o(i._ZN8touchgfx8Drawable16handleClickEventERKNS_10ClickEventE) referenced from drawable.o(.constdata__ZTVN8touchgfx8DrawableE)
 <LI><a href="#[14c]">touchgfx::Drawable::handleClickEvent(const touchgfx::ClickEvent&)</a> from touchgfxgeneratedhal.o(i._ZN8touchgfx8Drawable16handleClickEventERKNS_10ClickEventE) referenced from container.o(.constdata__ZTVN8touchgfx9ContainerE)
 <LI><a href="#[14d]">touchgfx::Drawable::handleGestureEvent(const touchgfx::GestureEvent&)</a> from touchgfxgeneratedhal.o(i._ZN8touchgfx8Drawable18handleGestureEventERKNS_12GestureEventE) referenced from canvaswidget.o(.constdata__ZTVN8touchgfx12CanvasWidgetE)
 <LI><a href="#[14d]">touchgfx::Drawable::handleGestureEvent(const touchgfx::GestureEvent&)</a> from touchgfxgeneratedhal.o(i._ZN8touchgfx8Drawable18handleGestureEventERKNS_12GestureEventE) referenced from mainviewbase.o(.constdata__ZTVN8touchgfx12MoveAnimatorINS_6CircleEEE)
 <LI><a href="#[14d]">touchgfx::Drawable::handleGestureEvent(const touchgfx::GestureEvent&)</a> from touchgfxgeneratedhal.o(i._ZN8touchgfx8Drawable18handleGestureEventERKNS_12GestureEventE) referenced from box.o(.constdata__ZTVN8touchgfx3BoxE)
 <LI><a href="#[14d]">touchgfx::Drawable::handleGestureEvent(const touchgfx::GestureEvent&)</a> from touchgfxgeneratedhal.o(i._ZN8touchgfx8Drawable18handleGestureEventERKNS_12GestureEventE) referenced from circle.o(.constdata__ZTVN8touchgfx6CircleE)
 <LI><a href="#[14d]">touchgfx::Drawable::handleGestureEvent(const touchgfx::GestureEvent&)</a> from touchgfxgeneratedhal.o(i._ZN8touchgfx8Drawable18handleGestureEventERKNS_12GestureEventE) referenced from drawable.o(.constdata__ZTVN8touchgfx8DrawableE)
 <LI><a href="#[14d]">touchgfx::Drawable::handleGestureEvent(const touchgfx::GestureEvent&)</a> from touchgfxgeneratedhal.o(i._ZN8touchgfx8Drawable18handleGestureEventERKNS_12GestureEventE) referenced from container.o(.constdata__ZTVN8touchgfx9ContainerE)
 <LI><a href="#[148]">touchgfx::Drawable::setX(short)</a> from touchgfxgeneratedhal.o(i._ZN8touchgfx8Drawable4setXEs) referenced from canvaswidget.o(.constdata__ZTVN8touchgfx12CanvasWidgetE)
 <LI><a href="#[148]">touchgfx::Drawable::setX(short)</a> from touchgfxgeneratedhal.o(i._ZN8touchgfx8Drawable4setXEs) referenced from mainviewbase.o(.constdata__ZTVN8touchgfx12MoveAnimatorINS_6CircleEEE)
 <LI><a href="#[148]">touchgfx::Drawable::setX(short)</a> from touchgfxgeneratedhal.o(i._ZN8touchgfx8Drawable4setXEs) referenced from box.o(.constdata__ZTVN8touchgfx3BoxE)
 <LI><a href="#[148]">touchgfx::Drawable::setX(short)</a> from touchgfxgeneratedhal.o(i._ZN8touchgfx8Drawable4setXEs) referenced from circle.o(.constdata__ZTVN8touchgfx6CircleE)
 <LI><a href="#[148]">touchgfx::Drawable::setX(short)</a> from touchgfxgeneratedhal.o(i._ZN8touchgfx8Drawable4setXEs) referenced from drawable.o(.constdata__ZTVN8touchgfx8DrawableE)
 <LI><a href="#[148]">touchgfx::Drawable::setX(short)</a> from touchgfxgeneratedhal.o(i._ZN8touchgfx8Drawable4setXEs) referenced from container.o(.constdata__ZTVN8touchgfx9ContainerE)
 <LI><a href="#[149]">touchgfx::Drawable::setY(short)</a> from touchgfxgeneratedhal.o(i._ZN8touchgfx8Drawable4setYEs) referenced from canvaswidget.o(.constdata__ZTVN8touchgfx12CanvasWidgetE)
 <LI><a href="#[149]">touchgfx::Drawable::setY(short)</a> from touchgfxgeneratedhal.o(i._ZN8touchgfx8Drawable4setYEs) referenced from mainviewbase.o(.constdata__ZTVN8touchgfx12MoveAnimatorINS_6CircleEEE)
 <LI><a href="#[149]">touchgfx::Drawable::setY(short)</a> from touchgfxgeneratedhal.o(i._ZN8touchgfx8Drawable4setYEs) referenced from box.o(.constdata__ZTVN8touchgfx3BoxE)
 <LI><a href="#[149]">touchgfx::Drawable::setY(short)</a> from touchgfxgeneratedhal.o(i._ZN8touchgfx8Drawable4setYEs) referenced from circle.o(.constdata__ZTVN8touchgfx6CircleE)
 <LI><a href="#[149]">touchgfx::Drawable::setY(short)</a> from touchgfxgeneratedhal.o(i._ZN8touchgfx8Drawable4setYEs) referenced from drawable.o(.constdata__ZTVN8touchgfx8DrawableE)
 <LI><a href="#[149]">touchgfx::Drawable::setY(short)</a> from touchgfxgeneratedhal.o(i._ZN8touchgfx8Drawable4setYEs) referenced from container.o(.constdata__ZTVN8touchgfx9ContainerE)
 <LI><a href="#[151]">touchgfx::Drawable::moveTo(short, short)</a> from touchgfxgeneratedhal.o(i._ZN8touchgfx8Drawable6moveToEss) referenced from canvaswidget.o(.constdata__ZTVN8touchgfx12CanvasWidgetE)
 <LI><a href="#[151]">touchgfx::Drawable::moveTo(short, short)</a> from touchgfxgeneratedhal.o(i._ZN8touchgfx8Drawable6moveToEss) referenced from mainviewbase.o(.constdata__ZTVN8touchgfx12MoveAnimatorINS_6CircleEEE)
 <LI><a href="#[151]">touchgfx::Drawable::moveTo(short, short)</a> from touchgfxgeneratedhal.o(i._ZN8touchgfx8Drawable6moveToEss) referenced from box.o(.constdata__ZTVN8touchgfx3BoxE)
 <LI><a href="#[151]">touchgfx::Drawable::moveTo(short, short)</a> from touchgfxgeneratedhal.o(i._ZN8touchgfx8Drawable6moveToEss) referenced from circle.o(.constdata__ZTVN8touchgfx6CircleE)
 <LI><a href="#[151]">touchgfx::Drawable::moveTo(short, short)</a> from touchgfxgeneratedhal.o(i._ZN8touchgfx8Drawable6moveToEss) referenced from drawable.o(.constdata__ZTVN8touchgfx8DrawableE)
 <LI><a href="#[151]">touchgfx::Drawable::moveTo(short, short)</a> from touchgfxgeneratedhal.o(i._ZN8touchgfx8Drawable6moveToEss) referenced from container.o(.constdata__ZTVN8touchgfx9ContainerE)
 <LI><a href="#[14a]">touchgfx::Drawable::setWidth(short)</a> from touchgfxgeneratedhal.o(i._ZN8touchgfx8Drawable8setWidthEs) referenced from canvaswidget.o(.constdata__ZTVN8touchgfx12CanvasWidgetE)
 <LI><a href="#[14a]">touchgfx::Drawable::setWidth(short)</a> from touchgfxgeneratedhal.o(i._ZN8touchgfx8Drawable8setWidthEs) referenced from mainviewbase.o(.constdata__ZTVN8touchgfx12MoveAnimatorINS_6CircleEEE)
 <LI><a href="#[14a]">touchgfx::Drawable::setWidth(short)</a> from touchgfxgeneratedhal.o(i._ZN8touchgfx8Drawable8setWidthEs) referenced from box.o(.constdata__ZTVN8touchgfx3BoxE)
 <LI><a href="#[14a]">touchgfx::Drawable::setWidth(short)</a> from touchgfxgeneratedhal.o(i._ZN8touchgfx8Drawable8setWidthEs) referenced from circle.o(.constdata__ZTVN8touchgfx6CircleE)
 <LI><a href="#[14a]">touchgfx::Drawable::setWidth(short)</a> from touchgfxgeneratedhal.o(i._ZN8touchgfx8Drawable8setWidthEs) referenced from drawable.o(.constdata__ZTVN8touchgfx8DrawableE)
 <LI><a href="#[14a]">touchgfx::Drawable::setWidth(short)</a> from touchgfxgeneratedhal.o(i._ZN8touchgfx8Drawable8setWidthEs) referenced from container.o(.constdata__ZTVN8touchgfx9ContainerE)
[...]
</UL>
<BR>[Called By]<UL><LI><a href="#[22a]">&gt;&gt;</a>&nbsp;&nbsp;&nbsp;HAL_JPEG_IRQHandler
</UL>

<P><STRONG><a name="[284]"></a>JPEG_ReadInputData</STRONG> (Thumb, 220 bytes, Stack size 24 bytes, stm32h7xx_hal_jpeg.o(i.JPEG_ReadInputData))
<BR><BR>[Stack]<UL><LI>Max Depth = 32<LI>Call Chain = JPEG_ReadInputData &rArr; HAL_JPEG_GetDataCallback
</UL>
<BR>[Calls]<UL><LI><a href="#[223]">&gt;&gt;</a>&nbsp;&nbsp;&nbsp;HAL_JPEG_Pause
<LI><a href="#[228]">&gt;&gt;</a>&nbsp;&nbsp;&nbsp;HAL_JPEG_GetDataCallback
</UL>
<BR>[Called By]<UL><LI><a href="#[22c]">&gt;&gt;</a>&nbsp;&nbsp;&nbsp;JPEG_Process
</UL>

<P><STRONG><a name="[286]"></a>JPEG_Set_HuffAC_Mem</STRONG> (Thumb, 148 bytes, Stack size 832 bytes, stm32h7xx_hal_jpeg.o(i.JPEG_Set_HuffAC_Mem))
<BR><BR>[Stack]<UL><LI>Max Depth = 2156<LI>Call Chain = JPEG_Set_HuffAC_Mem &rArr; JPEG_ACHuff_BitsVals_To_SizeCodes &rArr; JPEG_Bits_To_SizeCodes
</UL>
<BR>[Calls]<UL><LI><a href="#[27a]">&gt;&gt;</a>&nbsp;&nbsp;&nbsp;JPEG_ACHuff_BitsVals_To_SizeCodes
</UL>
<BR>[Called By]<UL><LI><a href="#[22f]">&gt;&gt;</a>&nbsp;&nbsp;&nbsp;JPEG_Set_HuffEnc_Mem
</UL>

<P><STRONG><a name="[287]"></a>JPEG_Set_HuffDC_Mem</STRONG> (Thumb, 184 bytes, Stack size 1376 bytes, stm32h7xx_hal_jpeg.o(i.JPEG_Set_HuffDC_Mem))
<BR><BR>[Stack]<UL><LI>Max Depth = 1396<LI>Call Chain = JPEG_Set_HuffDC_Mem &rArr; JPEG_Bits_To_SizeCodes
</UL>
<BR>[Calls]<UL><LI><a href="#[27b]">&gt;&gt;</a>&nbsp;&nbsp;&nbsp;JPEG_Bits_To_SizeCodes
</UL>
<BR>[Called By]<UL><LI><a href="#[22f]">&gt;&gt;</a>&nbsp;&nbsp;&nbsp;JPEG_Set_HuffEnc_Mem
</UL>

<P><STRONG><a name="[22f]"></a>JPEG_Set_HuffEnc_Mem</STRONG> (Thumb, 88 bytes, Stack size 8 bytes, stm32h7xx_hal_jpeg.o(i.JPEG_Set_HuffEnc_Mem))
<BR><BR>[Stack]<UL><LI>Max Depth = 2164<LI>Call Chain = JPEG_Set_HuffEnc_Mem &rArr; JPEG_Set_HuffAC_Mem &rArr; JPEG_ACHuff_BitsVals_To_SizeCodes &rArr; JPEG_Bits_To_SizeCodes
</UL>
<BR>[Calls]<UL><LI><a href="#[288]">&gt;&gt;</a>&nbsp;&nbsp;&nbsp;JPEG_Set_Huff_DHTMem
<LI><a href="#[287]">&gt;&gt;</a>&nbsp;&nbsp;&nbsp;JPEG_Set_HuffDC_Mem
<LI><a href="#[286]">&gt;&gt;</a>&nbsp;&nbsp;&nbsp;JPEG_Set_HuffAC_Mem
</UL>
<BR>[Called By]<UL><LI><a href="#[22d]">&gt;&gt;</a>&nbsp;&nbsp;&nbsp;HAL_JPEG_Init
</UL>

<P><STRONG><a name="[288]"></a>JPEG_Set_Huff_DHTMem</STRONG> (Thumb, 582 bytes, Stack size 28 bytes, stm32h7xx_hal_jpeg.o(i.JPEG_Set_Huff_DHTMem))
<BR><BR>[Stack]<UL><LI>Max Depth = 28<LI>Call Chain = JPEG_Set_Huff_DHTMem
</UL>
<BR>[Called By]<UL><LI><a href="#[22f]">&gt;&gt;</a>&nbsp;&nbsp;&nbsp;JPEG_Set_HuffEnc_Mem
</UL>

<P><STRONG><a name="[285]"></a>JPEG_StoreOutputData</STRONG> (Thumb, 276 bytes, Stack size 24 bytes, stm32h7xx_hal_jpeg.o(i.JPEG_StoreOutputData))
<BR><BR>[Stack]<UL><LI>Max Depth = 176<LI>Call Chain = JPEG_StoreOutputData &rArr; HAL_JPEG_DataReadyCallback &rArr; osSemaphoreRelease &rArr; xQueueGenericSend &rArr; xTaskResumeAll &rArr; xTaskIncrementTick
</UL>
<BR>[Calls]<UL><LI><a href="#[222]">&gt;&gt;</a>&nbsp;&nbsp;&nbsp;HAL_JPEG_DataReadyCallback
</UL>
<BR>[Called By]<UL><LI><a href="#[22c]">&gt;&gt;</a>&nbsp;&nbsp;&nbsp;JPEG_Process
</UL>

<P><STRONG><a name="[236]"></a>LTDC_SetConfig</STRONG> (Thumb, 464 bytes, Stack size 48 bytes, stm32h7xx_hal_ltdc.o(i.LTDC_SetConfig))
<BR><BR>[Stack]<UL><LI>Max Depth = 48<LI>Call Chain = LTDC_SetConfig
</UL>
<BR>[Called By]<UL><LI><a href="#[235]">&gt;&gt;</a>&nbsp;&nbsp;&nbsp;HAL_LTDC_ConfigLayer
</UL>

<P><STRONG><a name="[249]"></a>OSPI_ConfigCmd</STRONG> (Thumb, 458 bytes, Stack size 36 bytes, stm32h7xx_hal_ospi.o(i.OSPI_ConfigCmd))
<BR><BR>[Stack]<UL><LI>Max Depth = 36<LI>Call Chain = OSPI_ConfigCmd
</UL>
<BR>[Called By]<UL><LI><a href="#[248]">&gt;&gt;</a>&nbsp;&nbsp;&nbsp;HAL_OSPI_Command
</UL>

<P><STRONG><a name="[b9]"></a>OSPI_DMAAbortCplt</STRONG> (Thumb, 66 bytes, Stack size 8 bytes, stm32h7xx_hal_ospi.o(i.OSPI_DMAAbortCplt))
<BR><BR>[Stack]<UL><LI>Max Depth = 8<LI>Call Chain = OSPI_DMAAbortCplt
</UL>
<BR>[Calls]<UL><LI><a href="#[251]">&gt;&gt;</a>&nbsp;&nbsp;&nbsp;HAL_OSPI_ErrorCallback
<LI><a href="#[250]">&gt;&gt;</a>&nbsp;&nbsp;&nbsp;HAL_OSPI_AbortCpltCallback
</UL>
<BR>[Address Reference Count : 1]<UL><LI> stm32h7xx_hal_ospi.o(i.HAL_OSPI_IRQHandler)
</UL>
<P><STRONG><a name="[246]"></a>OSPI_WaitFlagStateUntilTimeout</STRONG> (Thumb, 72 bytes, Stack size 24 bytes, stm32h7xx_hal_ospi.o(i.OSPI_WaitFlagStateUntilTimeout))
<BR><BR>[Stack]<UL><LI>Max Depth = 24<LI>Call Chain = OSPI_WaitFlagStateUntilTimeout
</UL>
<BR>[Calls]<UL><LI><a href="#[1ce]">&gt;&gt;</a>&nbsp;&nbsp;&nbsp;HAL_GetTick
</UL>
<BR>[Called By]<UL><LI><a href="#[255]">&gt;&gt;</a>&nbsp;&nbsp;&nbsp;HAL_OSPI_Init
<LI><a href="#[1e1]">&gt;&gt;</a>&nbsp;&nbsp;&nbsp;HAL_OSPI_Abort
<LI><a href="#[25a]">&gt;&gt;</a>&nbsp;&nbsp;&nbsp;HAL_OSPI_Transmit
<LI><a href="#[259]">&gt;&gt;</a>&nbsp;&nbsp;&nbsp;HAL_OSPI_Receive
<LI><a href="#[257]">&gt;&gt;</a>&nbsp;&nbsp;&nbsp;HAL_OSPI_MemoryMapped
<LI><a href="#[248]">&gt;&gt;</a>&nbsp;&nbsp;&nbsp;HAL_OSPI_Command
<LI><a href="#[247]">&gt;&gt;</a>&nbsp;&nbsp;&nbsp;HAL_OSPI_AutoPolling
</UL>

<P><STRONG><a name="[398]"></a>prvCopyDataFromQueue</STRONG> (Thumb, 38 bytes, Stack size 8 bytes, queue.o(i.prvCopyDataFromQueue))
<BR><BR>[Stack]<UL><LI>Max Depth = 8<LI>Call Chain = prvCopyDataFromQueue
</UL>
<BR>[Calls]<UL><LI><a href="#[399]">&gt;&gt;</a>&nbsp;&nbsp;&nbsp;__aeabi_memcpy
</UL>
<BR>[Called By]<UL><LI><a href="#[37d]">&gt;&gt;</a>&nbsp;&nbsp;&nbsp;xQueueReceiveFromISR
<LI><a href="#[37e]">&gt;&gt;</a>&nbsp;&nbsp;&nbsp;xQueueReceive
</UL>

<P><STRONG><a name="[39a]"></a>prvCopyDataToQueue</STRONG> (Thumb, 108 bytes, Stack size 24 bytes, queue.o(i.prvCopyDataToQueue))
<BR><BR>[Stack]<UL><LI>Max Depth = 40<LI>Call Chain = prvCopyDataToQueue &rArr; xTaskPriorityDisinherit
</UL>
<BR>[Calls]<UL><LI><a href="#[39b]">&gt;&gt;</a>&nbsp;&nbsp;&nbsp;xTaskPriorityDisinherit
<LI><a href="#[399]">&gt;&gt;</a>&nbsp;&nbsp;&nbsp;__aeabi_memcpy
</UL>
<BR>[Called By]<UL><LI><a href="#[382]">&gt;&gt;</a>&nbsp;&nbsp;&nbsp;xQueueGenericSendFromISR
<LI><a href="#[383]">&gt;&gt;</a>&nbsp;&nbsp;&nbsp;xQueueGenericSend
</UL>

<P><STRONG><a name="[39f]"></a>prvInitialiseMutex</STRONG> (Thumb, 22 bytes, Stack size 0 bytes, queue.o(i.prvInitialiseMutex))
<BR><BR>[Stack]<UL><LI>Max Depth = 112<LI>Call Chain = prvInitialiseMutex &rArr; xQueueGenericSend &rArr; xTaskResumeAll &rArr; xTaskIncrementTick
</UL>
<BR>[Calls]<UL><LI><a href="#[383]">&gt;&gt;</a>&nbsp;&nbsp;&nbsp;xQueueGenericSend
</UL>
<BR>[Called By]<UL><LI><a href="#[386]">&gt;&gt;</a>&nbsp;&nbsp;&nbsp;xQueueCreateMutexStatic
<LI><a href="#[387]">&gt;&gt;</a>&nbsp;&nbsp;&nbsp;xQueueCreateMutex
</UL>

<P><STRONG><a name="[3a0]"></a>prvInitialiseNewQueue</STRONG> (Thumb, 34 bytes, Stack size 16 bytes, queue.o(i.prvInitialiseNewQueue))
<BR><BR>[Stack]<UL><LI>Max Depth = 64<LI>Call Chain = prvInitialiseNewQueue &rArr; xQueueGenericReset &rArr; xTaskRemoveFromEventList
</UL>
<BR>[Calls]<UL><LI><a href="#[3a1]">&gt;&gt;</a>&nbsp;&nbsp;&nbsp;xQueueGenericReset
</UL>
<BR>[Called By]<UL><LI><a href="#[37f]">&gt;&gt;</a>&nbsp;&nbsp;&nbsp;xQueueGenericCreateStatic
<LI><a href="#[380]">&gt;&gt;</a>&nbsp;&nbsp;&nbsp;xQueueGenericCreate
</UL>

<P><STRONG><a name="[3a6]"></a>prvIsQueueEmpty</STRONG> (Thumb, 28 bytes, Stack size 8 bytes, queue.o(i.prvIsQueueEmpty))
<BR><BR>[Stack]<UL><LI>Max Depth = 8<LI>Call Chain = prvIsQueueEmpty
</UL>
<BR>[Calls]<UL><LI><a href="#[396]">&gt;&gt;</a>&nbsp;&nbsp;&nbsp;vPortExitCritical
<LI><a href="#[394]">&gt;&gt;</a>&nbsp;&nbsp;&nbsp;vPortEnterCritical
</UL>
<BR>[Called By]<UL><LI><a href="#[385]">&gt;&gt;</a>&nbsp;&nbsp;&nbsp;xQueueSemaphoreTake
<LI><a href="#[37e]">&gt;&gt;</a>&nbsp;&nbsp;&nbsp;xQueueReceive
</UL>

<P><STRONG><a name="[3b0]"></a>prvUnlockQueue</STRONG> (Thumb, 106 bytes, Stack size 24 bytes, queue.o(i.prvUnlockQueue))
<BR><BR>[Stack]<UL><LI>Max Depth = 40<LI>Call Chain = prvUnlockQueue &rArr; xTaskRemoveFromEventList
</UL>
<BR>[Calls]<UL><LI><a href="#[3b1]">&gt;&gt;</a>&nbsp;&nbsp;&nbsp;xTaskRemoveFromEventList
<LI><a href="#[3b2]">&gt;&gt;</a>&nbsp;&nbsp;&nbsp;vTaskMissedYield
<LI><a href="#[396]">&gt;&gt;</a>&nbsp;&nbsp;&nbsp;vPortExitCritical
<LI><a href="#[394]">&gt;&gt;</a>&nbsp;&nbsp;&nbsp;vPortEnterCritical
</UL>
<BR>[Called By]<UL><LI><a href="#[385]">&gt;&gt;</a>&nbsp;&nbsp;&nbsp;xQueueSemaphoreTake
<LI><a href="#[37e]">&gt;&gt;</a>&nbsp;&nbsp;&nbsp;xQueueReceive
<LI><a href="#[383]">&gt;&gt;</a>&nbsp;&nbsp;&nbsp;xQueueGenericSend
<LI><a href="#[3ad]">&gt;&gt;</a>&nbsp;&nbsp;&nbsp;vQueueWaitForMessageRestricted
</UL>

<P><STRONG><a name="[38f]"></a>prvAddCurrentTaskToDelayedList</STRONG> (Thumb, 84 bytes, Stack size 24 bytes, tasks.o(i.prvAddCurrentTaskToDelayedList))
<BR><BR>[Stack]<UL><LI>Max Depth = 36<LI>Call Chain = prvAddCurrentTaskToDelayedList &rArr; vListInsert
</UL>
<BR>[Calls]<UL><LI><a href="#[391]">&gt;&gt;</a>&nbsp;&nbsp;&nbsp;vListInsertEnd
<LI><a href="#[392]">&gt;&gt;</a>&nbsp;&nbsp;&nbsp;vListInsert
<LI><a href="#[390]">&gt;&gt;</a>&nbsp;&nbsp;&nbsp;uxListRemove
</UL>
<BR>[Called By]<UL><LI><a href="#[37b]">&gt;&gt;</a>&nbsp;&nbsp;&nbsp;vTaskDelay
<LI><a href="#[3bd]">&gt;&gt;</a>&nbsp;&nbsp;&nbsp;vTaskPlaceOnEventListRestricted
<LI><a href="#[3be]">&gt;&gt;</a>&nbsp;&nbsp;&nbsp;vTaskPlaceOnEventList
</UL>

<P><STRONG><a name="[393]"></a>prvAddNewTaskToReadyList</STRONG> (Thumb, 190 bytes, Stack size 24 bytes, tasks.o(i.prvAddNewTaskToReadyList))
<BR><BR>[Stack]<UL><LI>Max Depth = 24<LI>Call Chain = prvAddNewTaskToReadyList
</UL>
<BR>[Calls]<UL><LI><a href="#[391]">&gt;&gt;</a>&nbsp;&nbsp;&nbsp;vListInsertEnd
<LI><a href="#[396]">&gt;&gt;</a>&nbsp;&nbsp;&nbsp;vPortExitCritical
<LI><a href="#[394]">&gt;&gt;</a>&nbsp;&nbsp;&nbsp;vPortEnterCritical
<LI><a href="#[395]">&gt;&gt;</a>&nbsp;&nbsp;&nbsp;vListInitialise
</UL>
<BR>[Called By]<UL><LI><a href="#[38d]">&gt;&gt;</a>&nbsp;&nbsp;&nbsp;xTaskCreateStatic
<LI><a href="#[38e]">&gt;&gt;</a>&nbsp;&nbsp;&nbsp;xTaskCreate
</UL>

<P><STRONG><a name="[39c]"></a>prvDeleteTCB</STRONG> (Thumb, 52 bytes, Stack size 8 bytes, tasks.o(i.prvDeleteTCB))
<BR><BR>[Stack]<UL><LI>Max Depth = 80<LI>Call Chain = prvDeleteTCB &rArr; vPortFree &rArr; xTaskResumeAll &rArr; xTaskIncrementTick
</UL>
<BR>[Calls]<UL><LI><a href="#[39d]">&gt;&gt;</a>&nbsp;&nbsp;&nbsp;vPortFree
</UL>
<BR>[Called By]<UL><LI><a href="#[e7]">&gt;&gt;</a>&nbsp;&nbsp;&nbsp;prvIdleTask
</UL>

<P><STRONG><a name="[e7]"></a>prvIdleTask</STRONG> (Thumb, 86 bytes, Stack size 0 bytes, tasks.o(i.prvIdleTask))
<BR><BR>[Stack]<UL><LI>Max Depth = 80<LI>Call Chain = prvIdleTask &rArr; prvDeleteTCB &rArr; vPortFree &rArr; xTaskResumeAll &rArr; xTaskIncrementTick
</UL>
<BR>[Calls]<UL><LI><a href="#[39e]">&gt;&gt;</a>&nbsp;&nbsp;&nbsp;vApplicationIdleHook
<LI><a href="#[39c]">&gt;&gt;</a>&nbsp;&nbsp;&nbsp;prvDeleteTCB
<LI><a href="#[390]">&gt;&gt;</a>&nbsp;&nbsp;&nbsp;uxListRemove
<LI><a href="#[396]">&gt;&gt;</a>&nbsp;&nbsp;&nbsp;vPortExitCritical
<LI><a href="#[394]">&gt;&gt;</a>&nbsp;&nbsp;&nbsp;vPortEnterCritical
</UL>
<BR>[Address Reference Count : 1]<UL><LI> tasks.o(i.vTaskStartScheduler)
</UL>
<P><STRONG><a name="[3a2]"></a>prvInitialiseNewTask</STRONG> (Thumb, 178 bytes, Stack size 40 bytes, tasks.o(i.prvInitialiseNewTask))
<BR><BR>[Stack]<UL><LI>Max Depth = 56 + Unknown Stack Size
<LI>Call Chain = prvInitialiseNewTask &rArr; pxPortInitialiseStack
</UL>
<BR>[Calls]<UL><LI><a href="#[3a4]">&gt;&gt;</a>&nbsp;&nbsp;&nbsp;pxPortInitialiseStack
<LI><a href="#[3a3]">&gt;&gt;</a>&nbsp;&nbsp;&nbsp;vListInitialiseItem
<LI><a href="#[1bc]">&gt;&gt;</a>&nbsp;&nbsp;&nbsp;__aeabi_memset
</UL>
<BR>[Called By]<UL><LI><a href="#[38d]">&gt;&gt;</a>&nbsp;&nbsp;&nbsp;xTaskCreateStatic
<LI><a href="#[38e]">&gt;&gt;</a>&nbsp;&nbsp;&nbsp;xTaskCreate
</UL>

<P><STRONG><a name="[3ce]"></a>prvResetNextTaskUnblockTime</STRONG> (Thumb, 26 bytes, Stack size 0 bytes, tasks.o(i.prvResetNextTaskUnblockTime))
<BR><BR>[Called By]<UL><LI><a href="#[3c8]">&gt;&gt;</a>&nbsp;&nbsp;&nbsp;xTaskIncrementTick
<LI><a href="#[3ac]">&gt;&gt;</a>&nbsp;&nbsp;&nbsp;xTaskResumeAll
</UL>

<P><STRONG><a name="[397]"></a>prvCheckForValidListAndQueue</STRONG> (Thumb, 72 bytes, Stack size 16 bytes, timers.o(i.prvCheckForValidListAndQueue))
<BR><BR>[Stack]<UL><LI>Max Depth = 104<LI>Call Chain = prvCheckForValidListAndQueue &rArr; xQueueGenericCreateStatic &rArr; prvInitialiseNewQueue &rArr; xQueueGenericReset &rArr; xTaskRemoveFromEventList
</UL>
<BR>[Calls]<UL><LI><a href="#[37f]">&gt;&gt;</a>&nbsp;&nbsp;&nbsp;xQueueGenericCreateStatic
<LI><a href="#[381]">&gt;&gt;</a>&nbsp;&nbsp;&nbsp;vQueueAddToRegistry
<LI><a href="#[396]">&gt;&gt;</a>&nbsp;&nbsp;&nbsp;vPortExitCritical
<LI><a href="#[394]">&gt;&gt;</a>&nbsp;&nbsp;&nbsp;vPortEnterCritical
<LI><a href="#[395]">&gt;&gt;</a>&nbsp;&nbsp;&nbsp;vListInitialise
</UL>
<BR>[Called By]<UL><LI><a href="#[3c1]">&gt;&gt;</a>&nbsp;&nbsp;&nbsp;xTimerCreateTimerTask
</UL>

<P><STRONG><a name="[3a5]"></a>prvInsertTimerInActiveList</STRONG> (Thumb, 54 bytes, Stack size 16 bytes, timers.o(i.prvInsertTimerInActiveList))
<BR><BR>[Stack]<UL><LI>Max Depth = 28<LI>Call Chain = prvInsertTimerInActiveList &rArr; vListInsert
</UL>
<BR>[Calls]<UL><LI><a href="#[392]">&gt;&gt;</a>&nbsp;&nbsp;&nbsp;vListInsert
</UL>
<BR>[Called By]<UL><LI><a href="#[3aa]">&gt;&gt;</a>&nbsp;&nbsp;&nbsp;prvProcessTimerOrBlockTask
<LI><a href="#[3a7]">&gt;&gt;</a>&nbsp;&nbsp;&nbsp;prvProcessReceivedCommands
</UL>

<P><STRONG><a name="[3a7]"></a>prvProcessReceivedCommands</STRONG> (Thumb, 242 bytes, Stack size 48 bytes, timers.o(i.prvProcessReceivedCommands))
<BR><BR>[Stack]<UL><LI>Max Depth = 240<LI>Call Chain = prvProcessReceivedCommands &rArr; prvSampleTimeNow &rArr; prvSwitchTimerLists &rArr; xTimerGenericCommand &rArr; xQueueGenericSend &rArr; xTaskResumeAll &rArr; xTaskIncrementTick
</UL>
<BR>[Calls]<UL><LI><a href="#[37e]">&gt;&gt;</a>&nbsp;&nbsp;&nbsp;xQueueReceive
<LI><a href="#[390]">&gt;&gt;</a>&nbsp;&nbsp;&nbsp;uxListRemove
<LI><a href="#[39d]">&gt;&gt;</a>&nbsp;&nbsp;&nbsp;vPortFree
<LI><a href="#[3a9]">&gt;&gt;</a>&nbsp;&nbsp;&nbsp;xTimerGenericCommand
<LI><a href="#[3a8]">&gt;&gt;</a>&nbsp;&nbsp;&nbsp;prvSampleTimeNow
<LI><a href="#[3a5]">&gt;&gt;</a>&nbsp;&nbsp;&nbsp;prvInsertTimerInActiveList
</UL>
<BR>[Called By]<UL><LI><a href="#[e8]">&gt;&gt;</a>&nbsp;&nbsp;&nbsp;prvTimerTask
</UL>

<P><STRONG><a name="[3aa]"></a>prvProcessTimerOrBlockTask</STRONG> (Thumb, 182 bytes, Stack size 32 bytes, timers.o(i.prvProcessTimerOrBlockTask))
<BR><BR>[Stack]<UL><LI>Max Depth = 224<LI>Call Chain = prvProcessTimerOrBlockTask &rArr; prvSampleTimeNow &rArr; prvSwitchTimerLists &rArr; xTimerGenericCommand &rArr; xQueueGenericSend &rArr; xTaskResumeAll &rArr; xTaskIncrementTick
</UL>
<BR>[Calls]<UL><LI><a href="#[3ad]">&gt;&gt;</a>&nbsp;&nbsp;&nbsp;vQueueWaitForMessageRestricted
<LI><a href="#[390]">&gt;&gt;</a>&nbsp;&nbsp;&nbsp;uxListRemove
<LI><a href="#[3ac]">&gt;&gt;</a>&nbsp;&nbsp;&nbsp;xTaskResumeAll
<LI><a href="#[3ab]">&gt;&gt;</a>&nbsp;&nbsp;&nbsp;vTaskSuspendAll
<LI><a href="#[3a9]">&gt;&gt;</a>&nbsp;&nbsp;&nbsp;xTimerGenericCommand
<LI><a href="#[3a8]">&gt;&gt;</a>&nbsp;&nbsp;&nbsp;prvSampleTimeNow
<LI><a href="#[3a5]">&gt;&gt;</a>&nbsp;&nbsp;&nbsp;prvInsertTimerInActiveList
</UL>
<BR>[Called By]<UL><LI><a href="#[e8]">&gt;&gt;</a>&nbsp;&nbsp;&nbsp;prvTimerTask
</UL>

<P><STRONG><a name="[3a8]"></a>prvSampleTimeNow</STRONG> (Thumb, 36 bytes, Stack size 16 bytes, timers.o(i.prvSampleTimeNow))
<BR><BR>[Stack]<UL><LI>Max Depth = 192<LI>Call Chain = prvSampleTimeNow &rArr; prvSwitchTimerLists &rArr; xTimerGenericCommand &rArr; xQueueGenericSend &rArr; xTaskResumeAll &rArr; xTaskIncrementTick
</UL>
<BR>[Calls]<UL><LI><a href="#[3ae]">&gt;&gt;</a>&nbsp;&nbsp;&nbsp;xTaskGetTickCount
<LI><a href="#[3af]">&gt;&gt;</a>&nbsp;&nbsp;&nbsp;prvSwitchTimerLists
</UL>
<BR>[Called By]<UL><LI><a href="#[3aa]">&gt;&gt;</a>&nbsp;&nbsp;&nbsp;prvProcessTimerOrBlockTask
<LI><a href="#[3a7]">&gt;&gt;</a>&nbsp;&nbsp;&nbsp;prvProcessReceivedCommands
</UL>

<P><STRONG><a name="[3af]"></a>prvSwitchTimerLists</STRONG> (Thumb, 104 bytes, Stack size 24 bytes, timers.o(i.prvSwitchTimerLists))
<BR><BR>[Stack]<UL><LI>Max Depth = 176<LI>Call Chain = prvSwitchTimerLists &rArr; xTimerGenericCommand &rArr; xQueueGenericSend &rArr; xTaskResumeAll &rArr; xTaskIncrementTick
</UL>
<BR>[Calls]<UL><LI><a href="#[392]">&gt;&gt;</a>&nbsp;&nbsp;&nbsp;vListInsert
<LI><a href="#[390]">&gt;&gt;</a>&nbsp;&nbsp;&nbsp;uxListRemove
<LI><a href="#[3a9]">&gt;&gt;</a>&nbsp;&nbsp;&nbsp;xTimerGenericCommand
</UL>
<BR>[Called By]<UL><LI><a href="#[3a8]">&gt;&gt;</a>&nbsp;&nbsp;&nbsp;prvSampleTimeNow
</UL>

<P><STRONG><a name="[e8]"></a>prvTimerTask</STRONG> (Thumb, 32 bytes, Stack size 0 bytes, timers.o(i.prvTimerTask))
<BR><BR>[Stack]<UL><LI>Max Depth = 240<LI>Call Chain = prvTimerTask &rArr; prvProcessReceivedCommands &rArr; prvSampleTimeNow &rArr; prvSwitchTimerLists &rArr; xTimerGenericCommand &rArr; xQueueGenericSend &rArr; xTaskResumeAll &rArr; xTaskIncrementTick
</UL>
<BR>[Calls]<UL><LI><a href="#[3aa]">&gt;&gt;</a>&nbsp;&nbsp;&nbsp;prvProcessTimerOrBlockTask
<LI><a href="#[3a7]">&gt;&gt;</a>&nbsp;&nbsp;&nbsp;prvProcessReceivedCommands
</UL>
<BR>[Address Reference Count : 1]<UL><LI> timers.o(i.xTimerCreateTimerTask)
</UL>
<P><STRONG><a name="[3b4]"></a>prvHeapInit</STRONG> (Thumb, 66 bytes, Stack size 8 bytes, heap_4.o(i.prvHeapInit))
<BR><BR>[Stack]<UL><LI>Max Depth = 8<LI>Call Chain = prvHeapInit
</UL>
<BR>[Called By]<UL><LI><a href="#[3b3]">&gt;&gt;</a>&nbsp;&nbsp;&nbsp;pvPortMalloc
</UL>

<P><STRONG><a name="[3b5]"></a>prvInsertBlockIntoFreeList</STRONG> (Thumb, 72 bytes, Stack size 12 bytes, heap_4.o(i.prvInsertBlockIntoFreeList))
<BR><BR>[Stack]<UL><LI>Max Depth = 12<LI>Call Chain = prvInsertBlockIntoFreeList
</UL>
<BR>[Called By]<UL><LI><a href="#[39d]">&gt;&gt;</a>&nbsp;&nbsp;&nbsp;vPortFree
<LI><a href="#[3b3]">&gt;&gt;</a>&nbsp;&nbsp;&nbsp;pvPortMalloc
</UL>

<P><STRONG><a name="[e4]"></a>prvTaskExitError</STRONG> (Thumb, 36 bytes, Stack size 0 bytes, port.o(i.prvTaskExitError))
<BR>[Address Reference Count : 1]<UL><LI> port.o(i.pxPortInitialiseStack)
</UL>
<P><STRONG><a name="[194]"></a>__sti___21_typedtextdatabase_cpp_05ec7672</STRONG> (Thumb, 24 bytes, Stack size 8 bytes, typedtextdatabase.o(i.__sti___21_typedtextdatabase_cpp_05ec7672))
<BR><BR>[Stack]<UL><LI>Max Depth = 172<LI>Call Chain = __sti___21_typedtextdatabase_cpp_05ec7672 &rArr; getFont_verdana_40_4bpp() &rArr; touchgfx::GeneratedFont::GeneratedFont(const touchgfx::GlyphNode*, unsigned short, unsigned short, unsigned short, unsigned char, unsigned char, unsigned char, unsigned char, unsigned char, unsigned char, const unsigned char*const *, const touchgfx::KerningNode*, unsigned short, unsigned short, const unsigned short*, const touchgfx::FontContextualFormsTable*) &rArr; touchgfx::ConstFont::ConstFont__sub_object(const touchgfx::GlyphNode*, unsigned short, unsigned short, unsigned short, unsigned char, unsigned char, unsigned char, unsigned char, unsigned char, unsigned char, unsigned short, unsigned short)
</UL>
<BR>[Calls]<UL><LI><a href="#[2aa]">&gt;&gt;</a>&nbsp;&nbsp;&nbsp;getFont_verdana_40_4bpp()
<LI><a href="#[2a9]">&gt;&gt;</a>&nbsp;&nbsp;&nbsp;getFont_verdana_20_4bpp()
<LI><a href="#[2a6]">&gt;&gt;</a>&nbsp;&nbsp;&nbsp;getFont_verdana_10_4bpp()
</UL>
<BR>[Address Reference Count : 1]<UL><LI> typedtextdatabase.o(.init_array)
</UL>
<P><STRONG><a name="[195]"></a>__sti___15_Application_cpp_63cd8d44</STRONG> (Thumb, 6 bytes, Stack size 0 bytes, application.o(i.__sti___15_Application_cpp_63cd8d44))
<BR><BR>[Calls]<UL><LI><a href="#[e9]">&gt;&gt;</a>&nbsp;&nbsp;&nbsp;touchgfx::Rect::Rect()
</UL>
<BR>[Address Reference Count : 1]<UL><LI> application.o(.init_array)
</UL>
<P><STRONG><a name="[196]"></a>__sti___7_LCD_cpp_86507772</STRONG> (Thumb, 8 bytes, Stack size 0 bytes, lcd.o(i.__sti___7_LCD_cpp_86507772))
<BR>[Address Reference Count : 1]<UL><LI> lcd.o(.init_array)
</UL><P>
<H3>
Undefined Global Symbols
</H3><HR></body></html>
